Archive member included because of file (symbol)

c:/program files (x86)/atmel7/studio/7.0/toolchain/arm/arm-gnu-toolchain/bin/../lib/gcc/arm-none-eabi/4.9.3/../../../../arm-none-eabi/lib/armv7-m\libc.a(lib_a-exit.o)
                              c:/program files (x86)/atmel7/studio/7.0/toolchain/arm/arm-gnu-toolchain/bin/../lib/gcc/arm-none-eabi/4.9.3/../../../../arm-none-eabi/lib/armv7-m/crt0.o (exit)
c:/program files (x86)/atmel7/studio/7.0/toolchain/arm/arm-gnu-toolchain/bin/../lib/gcc/arm-none-eabi/4.9.3/../../../../arm-none-eabi/lib/armv7-m\libc.a(lib_a-impure.o)
                              c:/program files (x86)/atmel7/studio/7.0/toolchain/arm/arm-gnu-toolchain/bin/../lib/gcc/arm-none-eabi/4.9.3/../../../../arm-none-eabi/lib/armv7-m\libc.a(lib_a-exit.o) (_global_impure_ptr)
c:/program files (x86)/atmel7/studio/7.0/toolchain/arm/arm-gnu-toolchain/bin/../lib/gcc/arm-none-eabi/4.9.3/../../../../arm-none-eabi/lib/armv7-m\libc.a(lib_a-init.o)
                              c:/program files (x86)/atmel7/studio/7.0/toolchain/arm/arm-gnu-toolchain/bin/../lib/gcc/arm-none-eabi/4.9.3/../../../../arm-none-eabi/lib/armv7-m/crt0.o (__libc_init_array)
c:/program files (x86)/atmel7/studio/7.0/toolchain/arm/arm-gnu-toolchain/bin/../lib/gcc/arm-none-eabi/4.9.3/../../../../arm-none-eabi/lib/armv7-m\libc.a(lib_a-iprintf.o)
                              src/ASF/sam/utils/syscalls/gcc/syscalls.o (iprintf)
c:/program files (x86)/atmel7/studio/7.0/toolchain/arm/arm-gnu-toolchain/bin/../lib/gcc/arm-none-eabi/4.9.3/../../../../arm-none-eabi/lib/armv7-m\libc.a(lib_a-memcpy.o)
                              src/ASF/sam/drivers/emac/emac.o (memcpy)
c:/program files (x86)/atmel7/studio/7.0/toolchain/arm/arm-gnu-toolchain/bin/../lib/gcc/arm-none-eabi/4.9.3/../../../../arm-none-eabi/lib/armv7-m\libc.a(lib_a-memset.o)
                              c:/program files (x86)/atmel7/studio/7.0/toolchain/arm/arm-gnu-toolchain/bin/../lib/gcc/arm-none-eabi/4.9.3/../../../../arm-none-eabi/lib/armv7-m/crt0.o (memset)
c:/program files (x86)/atmel7/studio/7.0/toolchain/arm/arm-gnu-toolchain/bin/../lib/gcc/arm-none-eabi/4.9.3/../../../../arm-none-eabi/lib/armv7-m\libc.a(lib_a-puts.o)
                              src/emac_example.o (puts)
c:/program files (x86)/atmel7/studio/7.0/toolchain/arm/arm-gnu-toolchain/bin/../lib/gcc/arm-none-eabi/4.9.3/../../../../arm-none-eabi/lib/armv7-m\libc.a(lib_a-setbuf.o)
                              src/emac_example.o (setbuf)
c:/program files (x86)/atmel7/studio/7.0/toolchain/arm/arm-gnu-toolchain/bin/../lib/gcc/arm-none-eabi/4.9.3/../../../../arm-none-eabi/lib/armv7-m\libc.a(lib_a-setvbuf.o)
                              c:/program files (x86)/atmel7/studio/7.0/toolchain/arm/arm-gnu-toolchain/bin/../lib/gcc/arm-none-eabi/4.9.3/../../../../arm-none-eabi/lib/armv7-m\libc.a(lib_a-setbuf.o) (setvbuf)
c:/program files (x86)/atmel7/studio/7.0/toolchain/arm/arm-gnu-toolchain/bin/../lib/gcc/arm-none-eabi/4.9.3/../../../../arm-none-eabi/lib/armv7-m\libc.a(lib_a-strlen.o)
                              c:/program files (x86)/atmel7/studio/7.0/toolchain/arm/arm-gnu-toolchain/bin/../lib/gcc/arm-none-eabi/4.9.3/../../../../arm-none-eabi/lib/armv7-m\libc.a(lib_a-puts.o) (strlen)
c:/program files (x86)/atmel7/studio/7.0/toolchain/arm/arm-gnu-toolchain/bin/../lib/gcc/arm-none-eabi/4.9.3/../../../../arm-none-eabi/lib/armv7-m\libc.a(lib_a-vfiprintf.o)
                              c:/program files (x86)/atmel7/studio/7.0/toolchain/arm/arm-gnu-toolchain/bin/../lib/gcc/arm-none-eabi/4.9.3/../../../../arm-none-eabi/lib/armv7-m\libc.a(lib_a-iprintf.o) (_vfiprintf_r)
c:/program files (x86)/atmel7/studio/7.0/toolchain/arm/arm-gnu-toolchain/bin/../lib/gcc/arm-none-eabi/4.9.3/../../../../arm-none-eabi/lib/armv7-m\libc.a(lib_a-wsetup.o)
                              c:/program files (x86)/atmel7/studio/7.0/toolchain/arm/arm-gnu-toolchain/bin/../lib/gcc/arm-none-eabi/4.9.3/../../../../arm-none-eabi/lib/armv7-m\libc.a(lib_a-vfiprintf.o) (__swsetup_r)
c:/program files (x86)/atmel7/studio/7.0/toolchain/arm/arm-gnu-toolchain/bin/../lib/gcc/arm-none-eabi/4.9.3/../../../../arm-none-eabi/lib/armv7-m\libc.a(lib_a-__call_atexit.o)
                              c:/program files (x86)/atmel7/studio/7.0/toolchain/arm/arm-gnu-toolchain/bin/../lib/gcc/arm-none-eabi/4.9.3/../../../../arm-none-eabi/lib/armv7-m\libc.a(lib_a-exit.o) (__call_exitprocs)
c:/program files (x86)/atmel7/studio/7.0/toolchain/arm/arm-gnu-toolchain/bin/../lib/gcc/arm-none-eabi/4.9.3/../../../../arm-none-eabi/lib/armv7-m\libc.a(lib_a-atexit.o)
                              c:/program files (x86)/atmel7/studio/7.0/toolchain/arm/arm-gnu-toolchain/bin/../lib/gcc/arm-none-eabi/4.9.3/../../../../arm-none-eabi/lib/armv7-m\libc.a(lib_a-__call_atexit.o) (atexit)
c:/program files (x86)/atmel7/studio/7.0/toolchain/arm/arm-gnu-toolchain/bin/../lib/gcc/arm-none-eabi/4.9.3/../../../../arm-none-eabi/lib/armv7-m\libc.a(lib_a-fflush.o)
[...]
Memory Configuration

Name             Origin             Length             Attributes
rom              0x00080000         0x00080000         xr
sram0            0x20000000         0x00010000         xrw
sram1            0x20080000         0x00008000         xrw
ram              0x20070000         0x00018000         xrw
*default*        0x00000000         0xffffffff

Linker script and memory map

LOAD c:/program files (x86)/atmel7/studio/7.0/toolchain/arm/arm-gnu-toolchain/bin/../lib/gcc/arm-none-eabi/4.9.3/armv7-m/crti.o
LOAD c:/program files (x86)/atmel7/studio/7.0/toolchain/arm/arm-gnu-toolchain/bin/../lib/gcc/arm-none-eabi/4.9.3/armv7-m/crtbegin.o
LOAD c:/program files (x86)/atmel7/studio/7.0/toolchain/arm/arm-gnu-toolchain/bin/../lib/gcc/arm-none-eabi/4.9.3/../../../../arm-none-eabi/lib/armv7-m/crt0.o
LOAD src/ASF/common/services/clock/sam3x/sysclk.o
LOAD src/ASF/common/services/serial/usart_serial.o
LOAD src/ASF/common/utils/interrupt/interrupt_sam_nvic.o
LOAD src/ASF/common/utils/stdio/read.o
LOAD src/ASF/common/utils/stdio/write.o
LOAD src/ASF/sam/boards/sam3x_ek/init.o
LOAD src/ASF/sam/boards/sam3x_ek/led.o
LOAD src/ASF/sam/components/ethernet_phy/dm9161a/ethernet_phy.o
LOAD src/ASF/sam/drivers/emac/emac.o
LOAD src/ASF/sam/drivers/pio/pio.o
LOAD src/ASF/sam/drivers/pio/pio_handler.o
LOAD src/ASF/sam/drivers/pmc/pmc.o
LOAD src/ASF/sam/drivers/pmc/sleep.o
LOAD src/ASF/sam/drivers/rstc/rstc.o
LOAD src/ASF/sam/drivers/uart/uart.o
LOAD src/ASF/sam/drivers/usart/usart.o
LOAD src/ASF/sam/utils/cmsis/sam3x/source/templates/exceptions.o
LOAD src/ASF/sam/utils/cmsis/sam3x/source/templates/gcc/startup_sam3x.o
LOAD src/ASF/sam/utils/cmsis/sam3x/source/templates/system_sam3x.o
LOAD src/ASF/sam/utils/syscalls/gcc/syscalls.o
LOAD src/emac_example.o
START GROUP
LOAD ..\src\ASF\thirdparty\CMSIS\Lib\GCC\libarm_cortexM3l_math.a
LOAD c:/program files (x86)/atmel7/studio/7.0/toolchain/arm/arm-gnu-toolchain/bin/../lib/gcc/arm-none-eabi/4.9.3/../../../../arm-none-eabi/lib/armv7-m\libm.a
END GROUP
START GROUP
LOAD c:/program files (x86)/atmel7/studio/7.0/toolchain/arm/arm-gnu-toolchain/bin/../lib/gcc/arm-none-eabi/4.9.3/armv7-m\libgcc.a
LOAD c:/program files (x86)/atmel7/studio/7.0/toolchain/arm/arm-gnu-toolchain/bin/../lib/gcc/arm-none-eabi/4.9.3/../../../../arm-none-eabi/lib/armv7-m\libc.a
END GROUP
LOAD c:/program files (x86)/atmel7/studio/7.0/toolchain/arm/arm-gnu-toolchain/bin/../lib/gcc/arm-none-eabi/4.9.3/armv7-m/crtend.o
LOAD c:/program files (x86)/atmel7/studio/7.0/toolchain/arm/arm-gnu-toolchain/bin/../lib/gcc/arm-none-eabi/4.9.3/armv7-m/crtn.o
                0x00002000                __stack_size__ = DEFINED (__stack_size__)?__stack_size__:0x2000
                0x20087ffc                __ram_end__ = ((ORIGIN (ram) + 0x18000) - 0x4)

.text           0x00080000     0x4d20
                0x00080000                . = ALIGN (0x4)
                0x00080000                _sfixed = .
 *(.vectors .vectors.*)
 .vectors       0x00080000       0xf4 src/ASF/sam/utils/cmsis/sam3x/source/templates/gcc/startup_sam3x.o
                0x00080000                exception_table
 *(.text .text.* .gnu.linkonce.t.*)
 .text          0x000800f4       0x5c c:/program files (x86)/atmel7/studio/7.0/toolchain/arm/arm-gnu-toolchain/bin/../lib/gcc/arm-none-eabi/4.9.3/armv7-m/crtbegin.o
 .text.sysclk_init
                0x00080150       0x64 src/ASF/common/services/clock/sam3x/sysclk.o
                0x00080150                sysclk_init
 .text._read    0x000801b4       0x3c src/ASF/common/utils/stdio/read.o
                0x000801b4                _read
 .text._write   0x000801f0       0x50 src/ASF/common/utils/stdio/write.o
                0x000801f0                _write
 .text.board_init
                0x00080240       0xc0 src/ASF/sam/boards/sam3x_ek/init.o
                0x00080240                board_init
 .text.ethernet_phy_set_link
                0x00080300       0xf0 src/ASF/sam/components/ethernet_phy/dm9161a/ethernet_phy.o
                0x00080300                ethernet_phy_set_link
 .text.ethernet_phy_auto_negotiate
                0x000803f0      0x184 src/ASF/sam/components/ethernet_phy/dm9161a/ethernet_phy.o
                0x000803f0                ethernet_phy_auto_negotiate
 .text.ethernet_phy_reset
                0x00080574       0x60 src/ASF/sam/components/ethernet_phy/dm9161a/ethernet_phy.o
                0x00080574                ethernet_phy_reset
 .text.ethernet_phy_init
                0x000805d4      0x100 src/ASF/sam/components/ethernet_phy/dm9161a/ethernet_phy.o
                0x000805d4                ethernet_phy_init
 .text.circ_inc
                0x000806d4       0x10 src/ASF/sam/drivers/emac/emac.o
 .text.emac_reset_tx_mem
                0x000806e4       0x50 src/ASF/sam/drivers/emac/emac.o
 .text.emac_reset_rx_mem
                0x00080734       0x54 src/ASF/sam/drivers/emac/emac.o
 .text.emac_phy_read
                0x00080788       0x60 src/ASF/sam/drivers/emac/emac.o
                0x00080788                emac_phy_read
 .text.emac_phy_write
                0x000807e8       0x58 src/ASF/sam/drivers/emac/emac.o
                0x000807e8                emac_phy_write
 .text.emac_dev_init
                0x00080840       0xf0 src/ASF/sam/drivers/emac/emac.o
                0x00080840                emac_dev_init
 .text.emac_dev_read
                0x00080930      0x180 src/ASF/sam/drivers/emac/emac.o
                0x00080930                emac_dev_read
 .text.emac_dev_write
                0x00080ab0       0x8c src/ASF/sam/drivers/emac/emac.o
                0x00080ab0                emac_dev_write
 .text.emac_handler
                0x00080b3c      0x148 src/ASF/sam/drivers/emac/emac.o
                0x00080b3c                emac_handler
 .text.pio_set_peripheral
                0x00080c84       0x40 src/ASF/sam/drivers/pio/pio.o
                0x00080c84                pio_set_peripheral
 .text.pio_set_input
                0x00080cc4       0x34 src/ASF/sam/drivers/pio/pio.o
                0x00080cc4                pio_set_input
 .text.pio_set_output
                0x00080cf8       0x28 src/ASF/sam/drivers/pio/pio.o
                0x00080cf8                pio_set_output
 .text.pio_get_interrupt_status
                0x00080d20        0x4 src/ASF/sam/drivers/pio/pio.o
                0x00080d20                pio_get_interrupt_status
 .text.pio_get_interrupt_mask
                0x00080d24        0x4 src/ASF/sam/drivers/pio/pio.o
                0x00080d24                pio_get_interrupt_mask
 .text.pio_configure_pin
                0x00080d28       0xd4 src/ASF/sam/drivers/pio/pio.o
                0x00080d28                pio_configure_pin
 .text.pio_configure_pin_group
                0x00080dfc       0xa0 src/ASF/sam/drivers/pio/pio.o
                0x00080dfc                pio_configure_pin_group
 .text.pio_handler_process
                0x00080e9c       0x50 src/ASF/sam/drivers/pio/pio_handler.o
                0x00080e9c                pio_handler_process
 .text.PIOA_Handler
                0x00080eec       0x14 src/ASF/sam/drivers/pio/pio_handler.o
                0x00080eec                PIOA_Handler
 .text.PIOB_Handler
                0x00080f00       0x14 src/ASF/sam/drivers/pio/pio_handler.o
                0x00080f00                PIOB_Handler
 .text.PIOC_Handler
                0x00080f14       0x14 src/ASF/sam/drivers/pio/pio_handler.o
                0x00080f14                PIOC_Handler
 .text.PIOD_Handler
                0x00080f28       0x14 src/ASF/sam/drivers/pio/pio_handler.o
                0x00080f28                PIOD_Handler
 .text.pmc_switch_mck_to_pllack
                0x00080f3c       0x68 src/ASF/sam/drivers/pmc/pmc.o
                0x00080f3c                pmc_switch_mck_to_pllack
 .text.pmc_switch_mainck_to_xtal
                0x00080fa4       0x54 src/ASF/sam/drivers/pmc/pmc.o
                0x00080fa4                pmc_switch_mainck_to_xtal
 .text.pmc_osc_is_ready_mainck
                0x00080ff8       0x10 src/ASF/sam/drivers/pmc/pmc.o
                0x00080ff8                pmc_osc_is_ready_mainck
 .text.pmc_disable_pllack
                0x00081008       0x10 src/ASF/sam/drivers/pmc/pmc.o
                0x00081008                pmc_disable_pllack
 .text.pmc_is_locked_pllack
                0x00081018       0x10 src/ASF/sam/drivers/pmc/pmc.o
                0x00081018                pmc_is_locked_pllack
 .text.pmc_enable_periph_clk
                0x00081028       0x54 src/ASF/sam/drivers/pmc/pmc.o
                0x00081028                pmc_enable_periph_clk
 .text.rstc_set_external_reset
                0x0008107c       0x1c src/ASF/sam/drivers/rstc/rstc.o
                0x0008107c                rstc_set_external_reset
 .text.rstc_reset_extern
                0x00081098        0xc src/ASF/sam/drivers/rstc/rstc.o
                0x00081098                rstc_reset_extern
 .text.rstc_get_status
                0x000810a4        0x4 src/ASF/sam/drivers/rstc/rstc.o
                0x000810a4                rstc_get_status
 .text.uart_init
                0x000810a8       0x38 src/ASF/sam/drivers/uart/uart.o
                0x000810a8                uart_init
 .text.uart_write
                0x000810e0       0x10 src/ASF/sam/drivers/uart/uart.o
                0x000810e0                uart_write
 .text.uart_read
                0x000810f0       0x14 src/ASF/sam/drivers/uart/uart.o
                0x000810f0                uart_read
 .text.usart_write
                0x00081104       0x14 src/ASF/sam/drivers/usart/usart.o
                0x00081104                usart_write
 .text.usart_read
                0x00081118       0x18 src/ASF/sam/drivers/usart/usart.o
                0x00081118                usart_read
 .text.Dummy_Handler
                0x00081130        0x4 src/ASF/sam/utils/cmsis/sam3x/source/templates/exceptions.o
                0x00081130                DACC_Handler
                0x00081130                DebugMon_Handler
                0x00081130                DMAC_Handler
                0x00081130                TRNG_Handler
                0x00081130                HardFault_Handler
                0x00081130                TC2_Handler
                0x00081130                SysTick_Handler
                0x00081130                USART3_Handler
                0x00081130                TWI1_Handler
                0x00081130                PendSV_Handler
                0x00081130                NMI_Handler
                0x00081130                TC7_Handler
                0x00081130                ADC_Handler
                0x00081130                SMC_Handler
                0x00081130                USART0_Handler
                0x00081130                RTT_Handler
                0x00081130                EFC1_Handler
                0x00081130                RTC_Handler
                0x00081130                UsageFault_Handler
                0x00081130                TC6_Handler
                0x00081130                WDT_Handler
                0x00081130                CAN0_Handler
                0x00081130                TC4_Handler
                0x00081130                TC1_Handler
                0x00081130                HSMCI_Handler
                0x00081130                TC3_Handler
                0x00081130                Dummy_Handler
                0x00081130                TWI0_Handler
                0x00081130                USART1_Handler
                0x00081130                SSC_Handler
                0x00081130                EFC0_Handler
                0x00081130                PMC_Handler
                0x00081130                PWM_Handler
                0x00081130                CAN1_Handler
                0x00081130                MemManage_Handler
                0x00081130                SUPC_Handler
                0x00081130                SVC_Handler
                0x00081130                TC8_Handler
                0x00081130                USART2_Handler
                0x00081130                UART_Handler
                0x00081130                BusFault_Handler
                0x00081130                RSTC_Handler
                0x00081130                TC0_Handler
                0x00081130                TC5_Handler
                0x00081130                UOTGHS_Handler
                0x00081130                SPI0_Handler
 .text.Reset_Handler
                0x00081134       0xb0 src/ASF/sam/utils/cmsis/sam3x/source/templates/gcc/startup_sam3x.o
                0x00081134                Reset_Handler
 .text.SystemCoreClockUpdate
                0x000811e4      0x11c src/ASF/sam/utils/cmsis/sam3x/source/templates/system_sam3x.o
                0x000811e4                SystemCoreClockUpdate
 .text._sbrk    0x00081300       0x34 src/ASF/sam/utils/syscalls/gcc/syscalls.o
                0x00081300                _sbrk
 .text._close   0x00081334        0x8 src/ASF/sam/utils/syscalls/gcc/syscalls.o
                0x00081334                _close
 .text._fstat   0x0008133c        0xc src/ASF/sam/utils/syscalls/gcc/syscalls.o
                0x0008133c                _fstat
 .text._isatty  0x00081348        0x4 src/ASF/sam/utils/syscalls/gcc/syscalls.o
                0x00081348                _isatty
 .text._lseek   0x0008134c        0x4 src/ASF/sam/utils/syscalls/gcc/syscalls.o
                0x0008134c                _lseek
 .text.usart_serial_getchar
                0x00081350       0xa8 src/emac_example.o
 .text.usart_serial_putchar
                0x000813f8       0x9c src/emac_example.o
 .text.EMAC_Handler
                0x00081494       0x14 src/emac_example.o
                0x00081494                EMAC_Handler
 .text.main     0x000814a8      0x570 src/emac_example.o
                0x000814a8                main
 .text.__libc_init_array
                0x00081a18       0x50 c:/program files (x86)/atmel7/studio/7.0/toolchain/arm/arm-gnu-toolchain/bin/../lib/gcc/arm-none-eabi/4.9.3/../../../../arm-none-eabi/lib/armv7-m\libc.a(lib_a-init.o)
                0x00081a18                __libc_init_array
 .text.iprintf  0x00081a68       0x28 c:/program files (x86)/atmel7/studio/7.0/toolchain/arm/arm-gnu-toolchain/bin/../lib/gcc/arm-none-eabi/4.9.3/../../../../arm-none-eabi/lib/armv7-m\libc.a(lib_a-iprintf.o)
                0x00081a68                iprintf
 .text          0x00081a90       0xec c:/program files (x86)/atmel7/studio/7.0/toolchain/arm/arm-gnu-toolchain/bin/../lib/gcc/arm-none-eabi/4.9.3/../../../../arm-none-eabi/lib/armv7-m\libc.a(lib_a-memcpy.o)
                0x00081a90                memcpy
 .text.memset   0x00081b7c       0x9c c:/program files (x86)/atmel7/studio/7.0/toolchain/arm/arm-gnu-toolchain/bin/../lib/gcc/arm-none-eabi/4.9.3/../../../../arm-none-eabi/lib/armv7-m\libc.a(lib_a-memset.o)
                0x00081b7c                memset
 .text._puts_r  0x00081c18       0x60 c:/program files (x86)/atmel7/studio/7.0/toolchain/arm/arm-gnu-toolchain/bin/../lib/gcc/arm-none-eabi/4.9.3/../../../../arm-none-eabi/lib/armv7-m\libc.a(lib_a-puts.o)
                0x00081c18                _puts_r
 .text.puts     0x00081c78       0x10 c:/program files (x86)/atmel7/studio/7.0/toolchain/arm/arm-gnu-toolchain/bin/../lib/gcc/arm-none-eabi/4.9.3/../../../../arm-none-eabi/lib/armv7-m\libc.a(lib_a-puts.o)
                0x00081c78                puts
 .text.setbuf   0x00081c88       0x10 c:/program files (x86)/atmel7/studio/7.0/toolchain/arm/arm-gnu-toolchain/bin/../lib/gcc/arm-none-eabi/4.9.3/../../../../arm-none-eabi/lib/armv7-m\libc.a(lib_a-setbuf.o)
                0x00081c88                setbuf
 .text.setvbuf  0x00081c98       0xf8 c:/program files (x86)/atmel7/studio/7.0/toolchain/arm/arm-gnu-toolchain/bin/../lib/gcc/arm-none-eabi/4.9.3/../../../../arm-none-eabi/lib/armv7-m\libc.a(lib_a-setvbuf.o)
                0x00081c98                setvbuf
 .text.strlen   0x00081d90       0x5c c:/program files (x86)/atmel7/studio/7.0/toolchain/arm/arm-gnu-toolchain/bin/../lib/gcc/arm-none-eabi/4.9.3/../../../../arm-none-eabi/lib/armv7-m\libc.a(lib_a-strlen.o)
                0x00081d90                strlen
 .text.__sprint_r.part.0
                0x00081dec       0x78 c:/program files (x86)/atmel7/studio/7.0/toolchain/arm/arm-gnu-toolchain/bin/../lib/gcc/arm-none-eabi/4.9.3/../../../../arm-none-eabi/lib/armv7-m\libc.a(lib_a-vfiprintf.o)
 .text._vfiprintf_r
                0x00081e64      0xc10 c:/program files (x86)/atmel7/studio/7.0/toolchain/arm/arm-gnu-toolchain/bin/../lib/gcc/arm-none-eabi/4.9.3/../../../../arm-none-eabi/lib/armv7-m\libc.a(lib_a-vfiprintf.o)
                0x00081e64                _vfiprintf_r
 .text.__sbprintf
                0x00082a74       0x7c c:/program files (x86)/atmel7/studio/7.0/toolchain/arm/arm-gnu-toolchain/bin/../lib/gcc/arm-none-eabi/4.9.3/../../../../arm-none-eabi/lib/armv7-m\libc.a(lib_a-vfiprintf.o)
 .text.__swsetup_r
                0x00082af0       0xc4 c:/program files (x86)/atmel7/studio/7.0/toolchain/arm/arm-gnu-toolchain/bin/../lib/gcc/arm-none-eabi/4.9.3/../../../../arm-none-eabi/lib/armv7-m\libc.a(lib_a-wsetup.o)
                0x00082af0                __swsetup_r
 .text.startup.register_fini
                0x00082bb4       0x14 c:/program files (x86)/atmel7/studio/7.0/toolchain/arm/arm-gnu-toolchain/bin/../lib/gcc/arm-none-eabi/4.9.3/../../../../arm-none-eabi/lib/armv7-m\libc.a(lib_a-__call_atexit.o)
 .text.atexit   0x00082bc8        0xc c:/program files (x86)/atmel7/studio/7.0/toolchain/arm/arm-gnu-toolchain/bin/../lib/gcc/arm-none-eabi/4.9.3/../../../../arm-none-eabi/lib/armv7-m\libc.a(lib_a-atexit.o)
                0x00082bc8                atexit
 .text.__sflush_r
                0x00082bd4      0x148 c:/program files (x86)/atmel7/studio/7.0/toolchain/arm/arm-gnu-toolchain/bin/../lib/gcc/arm-none-eabi/4.9.3/../../../../arm-none-eabi/lib/armv7-m\libc.a(lib_a-fflush.o)
                0x00082bd4                __sflush_r
 .text._fflush_r
                0x00082d1c       0x2c c:/program files (x86)/atmel7/studio/7.0/toolchain/arm/arm-gnu-toolchain/bin/../lib/gcc/arm-none-eabi/4.9.3/../../../../arm-none-eabi/lib/armv7-m\libc.a(lib_a-fflush.o)
                0x00082d1c                _fflush_r
 .text._cleanup_r
                0x00082d48        0xc c:/program files (x86)/atmel7/studio/7.0/toolchain/arm/arm-gnu-toolchain/bin/../lib/gcc/arm-none-eabi/4.9.3/../../../../arm-none-eabi/lib/armv7-m\libc.a(lib_a-findfp.o)
                0x00082d48                _cleanup_r
 .text.__sinit.part.1
                0x00082d54       0xf0 c:/program files (x86)/atmel7/studio/7.0/toolchain/arm/arm-gnu-toolchain/bin/../lib/gcc/arm-none-eabi/4.9.3/../../../../arm-none-eabi/lib/armv7-m\libc.a(lib_a-findfp.o)
 .text.__sinit  0x00082e44        0xc c:/program files (x86)/atmel7/studio/7.0/toolchain/arm/arm-gnu-toolchain/bin/../lib/gcc/arm-none-eabi/4.9.3/../../../../arm-none-eabi/lib/armv7-m\libc.a(lib_a-findfp.o)
                0x00082e44                __sinit
 .text.__sfp_lock_acquire
                0x00082e50        0x4 c:/program files (x86)/atmel7/studio/7.0/toolchain/arm/arm-gnu-toolchain/bin/../lib/gcc/arm-none-eabi/4.9.3/../../../../arm-none-eabi/lib/armv7-m\libc.a(lib_a-findfp.o)
                0x00082e50                __sfp_lock_acquire
 .text.__sfp_lock_release
                0x00082e54        0x4 c:/program files (x86)/atmel7/studio/7.0/toolchain/arm/arm-gnu-toolchain/bin/../lib/gcc/arm-none-eabi/4.9.3/../../../../arm-none-eabi/lib/armv7-m\libc.a(lib_a-findfp.o)
                0x00082e54                __sfp_lock_release
 .text.__libc_fini_array
                0x00082e58       0x2c c:/program files (x86)/atmel7/studio/7.0/toolchain/arm/arm-gnu-toolchain/bin/../lib/gcc/arm-none-eabi/4.9.3/../../../../arm-none-eabi/lib/armv7-m\libc.a(lib_a-fini.o)
                0x00082e58                __libc_fini_array
 .text.__fputwc
                0x00082e84       0xb0 c:/program files (x86)/atmel7/studio/7.0/toolchain/arm/arm-gnu-toolchain/bin/../lib/gcc/arm-none-eabi/4.9.3/../../../../arm-none-eabi/lib/armv7-m\libc.a(lib_a-fputwc.o)
                0x00082e84                __fputwc
 .text._fputwc_r
                0x00082f34       0x24 c:/program files (x86)/atmel7/studio/7.0/toolchain/arm/arm-gnu-toolchain/bin/../lib/gcc/arm-none-eabi/4.9.3/../../../../arm-none-eabi/lib/armv7-m\libc.a(lib_a-fputwc.o)
                0x00082f34                _fputwc_r
 .text._malloc_trim_r
                0x00082f58       0x9c c:/program files (x86)/atmel7/studio/7.0/toolchain/arm/arm-gnu-toolchain/bin/../lib/gcc/arm-none-eabi/4.9.3/../../../../arm-none-eabi/lib/armv7-m\libc.a(lib_a-freer.o)
                0x00082f58                _malloc_trim_r
 .text._free_r  0x00082ff4      0x1b0 c:/program files (x86)/atmel7/studio/7.0/toolchain/arm/arm-gnu-toolchain/bin/../lib/gcc/arm-none-eabi/4.9.3/../../../../arm-none-eabi/lib/armv7-m\libc.a(lib_a-freer.o)
                0x00082ff4                _free_r
 .text.__sfvwrite_r
                0x000831a4      0x320 c:/program files (x86)/atmel7/studio/7.0/toolchain/arm/arm-gnu-toolchain/bin/../lib/gcc/arm-none-eabi/4.9.3/../../../../arm-none-eabi/lib/armv7-m\libc.a(lib_a-fvwrite.o)
                0x000831a4                __sfvwrite_r
 .text._fwalk_reent
                0x000834c4       0x50 c:/program files (x86)/atmel7/studio/7.0/toolchain/arm/arm-gnu-toolchain/bin/../lib/gcc/arm-none-eabi/4.9.3/../../../../arm-none-eabi/lib/armv7-m\libc.a(lib_a-fwalk.o)
                0x000834c4                _fwalk_reent
 .text.__locale_charset
                0x00083514        0x8 c:/program files (x86)/atmel7/studio/7.0/toolchain/arm/arm-gnu-toolchain/bin/../lib/gcc/arm-none-eabi/4.9.3/../../../../arm-none-eabi/lib/armv7-m\libc.a(lib_a-locale.o)
                0x00083514                __locale_charset
 .text.__locale_mb_cur_max
                0x0008351c        0xc c:/program files (x86)/atmel7/studio/7.0/toolchain/arm/arm-gnu-toolchain/bin/../lib/gcc/arm-none-eabi/4.9.3/../../../../arm-none-eabi/lib/armv7-m\libc.a(lib_a-locale.o)
                0x0008351c                __locale_mb_cur_max
 .text.__smakebuf_r
                0x00083528       0xe0 c:/program files (x86)/atmel7/studio/7.0/toolchain/arm/arm-gnu-toolchain/bin/../lib/gcc/arm-none-eabi/4.9.3/../../../../arm-none-eabi/lib/armv7-m\libc.a(lib_a-makebuf.o)
                0x00083528                __smakebuf_r
 .text.malloc   0x00083608       0x10 c:/program files (x86)/atmel7/studio/7.0/toolchain/arm/arm-gnu-toolchain/bin/../lib/gcc/arm-none-eabi/4.9.3/../../../../arm-none-eabi/lib/armv7-m\libc.a(lib_a-malloc.o)
                0x00083608                malloc
 .text._malloc_r
                0x00083618      0x50c c:/program files (x86)/atmel7/studio/7.0/toolchain/arm/arm-gnu-toolchain/bin/../lib/gcc/arm-none-eabi/4.9.3/../../../../arm-none-eabi/lib/armv7-m\libc.a(lib_a-mallocr.o)
                0x00083618                _malloc_r
 .text.memchr   0x00083b24       0x94 c:/program files (x86)/atmel7/studio/7.0/toolchain/arm/arm-gnu-toolchain/bin/../lib/gcc/arm-none-eabi/4.9.3/../../../../arm-none-eabi/lib/armv7-m\libc.a(lib_a-memchr.o)
                0x00083b24                memchr
 .text.memmove  0x00083bb8       0xc8 c:/program files (x86)/atmel7/studio/7.0/toolchain/arm/arm-gnu-toolchain/bin/../lib/gcc/arm-none-eabi/4.9.3/../../../../arm-none-eabi/lib/armv7-m\libc.a(lib_a-memmove.o)
                0x00083bb8                memmove
 .text.__malloc_lock
                0x00083c80        0x4 c:/program files (x86)/atmel7/studio/7.0/toolchain/arm/arm-gnu-toolchain/bin/../lib/gcc/arm-none-eabi/4.9.3/../../../../arm-none-eabi/lib/armv7-m\libc.a(lib_a-mlock.o)
                0x00083c80                __malloc_lock
 .text.__malloc_unlock
                0x00083c84        0x4 c:/program files (x86)/atmel7/studio/7.0/toolchain/arm/arm-gnu-toolchain/bin/../lib/gcc/arm-none-eabi/4.9.3/../../../../arm-none-eabi/lib/armv7-m\libc.a(lib_a-mlock.o)
                0x00083c84                __malloc_unlock
 .text._realloc_r
                0x00083c88      0x3e0 c:/program files (x86)/atmel7/studio/7.0/toolchain/arm/arm-gnu-toolchain/bin/../lib/gcc/arm-none-eabi/4.9.3/../../../../arm-none-eabi/lib/armv7-m\libc.a(lib_a-reallocr.o)
                0x00083c88                _realloc_r
 .text._sbrk_r  0x00084068       0x24 c:/program files (x86)/atmel7/studio/7.0/toolchain/arm/arm-gnu-toolchain/bin/../lib/gcc/arm-none-eabi/4.9.3/../../../../arm-none-eabi/lib/armv7-m\libc.a(lib_a-sbrkr.o)
                0x00084068                _sbrk_r
 .text.__sread  0x0008408c       0x24 c:/program files (x86)/atmel7/studio/7.0/toolchain/arm/arm-gnu-toolchain/bin/../lib/gcc/arm-none-eabi/4.9.3/../../../../arm-none-eabi/lib/armv7-m\libc.a(lib_a-stdio.o)
                0x0008408c                __sread
 .text.__swrite
                0x000840b0       0x38 c:/program files (x86)/atmel7/studio/7.0/toolchain/arm/arm-gnu-toolchain/bin/../lib/gcc/arm-none-eabi/4.9.3/../../../../arm-none-eabi/lib/armv7-m\libc.a(lib_a-stdio.o)
                0x000840b0                __swrite
 .text.__sseek  0x000840e8       0x20 c:/program files (x86)/atmel7/studio/7.0/toolchain/arm/arm-gnu-toolchain/bin/../lib/gcc/arm-none-eabi/4.9.3/../../../../arm-none-eabi/lib/armv7-m\libc.a(lib_a-stdio.o)
                0x000840e8                __sseek
 .text.__sclose
                0x00084108        0x8 c:/program files (x86)/atmel7/studio/7.0/toolchain/arm/arm-gnu-toolchain/bin/../lib/gcc/arm-none-eabi/4.9.3/../../../../arm-none-eabi/lib/armv7-m\libc.a(lib_a-stdio.o)
                0x00084108                __sclose
 .text.__swbuf_r
                0x00084110       0xa8 c:/program files (x86)/atmel7/studio/7.0/toolchain/arm/arm-gnu-toolchain/bin/../lib/gcc/arm-none-eabi/4.9.3/../../../../arm-none-eabi/lib/armv7-m\libc.a(lib_a-wbuf.o)
                0x00084110                __swbuf_r
 .text._wcrtomb_r
                0x000841b8       0x54 c:/program files (x86)/atmel7/studio/7.0/toolchain/arm/arm-gnu-toolchain/bin/../lib/gcc/arm-none-eabi/4.9.3/../../../../arm-none-eabi/lib/armv7-m\libc.a(lib_a-wcrtomb.o)
                0x000841b8                _wcrtomb_r
 .text.__ascii_wctomb
                0x0008420c       0x1c c:/program files (x86)/atmel7/studio/7.0/toolchain/arm/arm-gnu-toolchain/bin/../lib/gcc/arm-none-eabi/4.9.3/../../../../arm-none-eabi/lib/armv7-m\libc.a(lib_a-wctomb_r.o)
                0x0008420c                __ascii_wctomb
 .text._write_r
                0x00084228       0x28 c:/program files (x86)/atmel7/studio/7.0/toolchain/arm/arm-gnu-toolchain/bin/../lib/gcc/arm-none-eabi/4.9.3/../../../../arm-none-eabi/lib/armv7-m\libc.a(lib_a-writer.o)
                0x00084228                _write_r
 .text.__register_exitproc
                0x00084250       0xa4 c:/program files (x86)/atmel7/studio/7.0/toolchain/arm/arm-gnu-toolchain/bin/../lib/gcc/arm-none-eabi/4.9.3/../../../../arm-none-eabi/lib/armv7-m\libc.a(lib_a-__atexit.o)
                0x00084250                __register_exitproc
 .text._close_r
                0x000842f4       0x24 c:/program files (x86)/atmel7/studio/7.0/toolchain/arm/arm-gnu-toolchain/bin/../lib/gcc/arm-none-eabi/4.9.3/../../../../arm-none-eabi/lib/armv7-m\libc.a(lib_a-closer.o)
                0x000842f4                _close_r
 .text._fclose_r
                0x00084318       0x84 c:/program files (x86)/atmel7/studio/7.0/toolchain/arm/arm-gnu-toolchain/bin/../lib/gcc/arm-none-eabi/4.9.3/../../../../arm-none-eabi/lib/armv7-m\libc.a(lib_a-fclose.o)
                0x00084318                _fclose_r
 .text._fstat_r
                0x0008439c       0x28 c:/program files (x86)/atmel7/studio/7.0/toolchain/arm/arm-gnu-toolchain/bin/../lib/gcc/arm-none-eabi/4.9.3/../../../../arm-none-eabi/lib/armv7-m\libc.a(lib_a-fstatr.o)
                0x0008439c                _fstat_r
 .text._isatty_r
                0x000843c4       0x24 c:/program files (x86)/atmel7/studio/7.0/toolchain/arm/arm-gnu-toolchain/bin/../lib/gcc/arm-none-eabi/4.9.3/../../../../arm-none-eabi/lib/armv7-m\libc.a(lib_a-isattyr.o)
                0x000843c4                _isatty_r
 .text._lseek_r
                0x000843e8       0x28 c:/program files (x86)/atmel7/studio/7.0/toolchain/arm/arm-gnu-toolchain/bin/../lib/gcc/arm-none-eabi/4.9.3/../../../../arm-none-eabi/lib/armv7-m\libc.a(lib_a-lseekr.o)
                0x000843e8                _lseek_r
 .text._read_r  0x00084410       0x28 c:/program files (x86)/atmel7/studio/7.0/toolchain/arm/arm-gnu-toolchain/bin/../lib/gcc/arm-none-eabi/4.9.3/../../../../arm-none-eabi/lib/armv7-m\libc.a(lib_a-readr.o)
                0x00084410                _read_r
 .text          0x00084438       0x30 c:/program files (x86)/atmel7/studio/7.0/toolchain/arm/arm-gnu-toolchain/bin/../lib/gcc/arm-none-eabi/4.9.3/armv7-m\libgcc.a(_aeabi_uldivmod.o)
                0x00084438                __aeabi_uldivmod
 .text          0x00084468       0x60 c:/program files (x86)/atmel7/studio/7.0/toolchain/arm/arm-gnu-toolchain/bin/../lib/gcc/arm-none-eabi/4.9.3/armv7-m\libgcc.a(bpabi.o)
                0x00084468                __gnu_ldivmod_helper
                0x00084498                __gnu_uldivmod_helper
 .text          0x000844c8        0x4 c:/program files (x86)/atmel7/studio/7.0/toolchain/arm/arm-gnu-toolchain/bin/../lib/gcc/arm-none-eabi/4.9.3/armv7-m\libgcc.a(_dvmd_tls.o)
                0x000844c8                __aeabi_idiv0
                0x000844c8                __aeabi_ldiv0
 .text          0x000844cc      0x2ac c:/program files (x86)/atmel7/studio/7.0/toolchain/arm/arm-gnu-toolchain/bin/../lib/gcc/arm-none-eabi/4.9.3/armv7-m\libgcc.a(_divdi3.o)
                0x000844cc                __divdi3
 .text          0x00084778      0x270 c:/program files (x86)/atmel7/studio/7.0/toolchain/arm/arm-gnu-toolchain/bin/../lib/gcc/arm-none-eabi/4.9.3/armv7-m\libgcc.a(_udivdi3.o)
                0x00084778                __udivdi3
 *(.glue_7t)
 .glue_7t       0x00000000        0x0 linker stubs
 *(.glue_7)
 .glue_7        0x00000000        0x0 linker stubs
 *(.rodata .rodata* .gnu.linkonce.r.*)
 .rodata.gs_uc_mac_address
                0x000849e8        0x6 src/emac_example.o
 *fill*         0x000849ee        0x2 
 .rodata.str1.4
                0x000849f0      0x2b0 src/emac_example.o
 .rodata.str1.4
                0x00084ca0        0x2 c:/program files (x86)/atmel7/studio/7.0/toolchain/arm/arm-gnu-toolchain/bin/../lib/gcc/arm-none-eabi/4.9.3/../../../../arm-none-eabi/lib/armv7-m\libc.a(lib_a-impure.o)
 *fill*         0x00084ca2        0x2 
 .rodata._global_impure_ptr
                0x00084ca4        0x4 c:/program files (x86)/atmel7/studio/7.0/toolchain/arm/arm-gnu-toolchain/bin/../lib/gcc/arm-none-eabi/4.9.3/../../../../arm-none-eabi/lib/armv7-m\libc.a(lib_a-impure.o)
                0x00084ca4                _global_impure_ptr
 .rodata.str1.4
                0x00084ca8        0x2 c:/program files (x86)/atmel7/studio/7.0/toolchain/arm/arm-gnu-toolchain/bin/../lib/gcc/arm-none-eabi/4.9.3/../../../../arm-none-eabi/lib/armv7-m\libc.a(lib_a-puts.o)
 *fill*         0x00084caa        0x2 
 .rodata.zeroes.6869
                0x00084cac       0x10 c:/program files (x86)/atmel7/studio/7.0/toolchain/arm/arm-gnu-toolchain/bin/../lib/gcc/arm-none-eabi/4.9.3/../../../../arm-none-eabi/lib/armv7-m\libc.a(lib_a-vfiprintf.o)
 .rodata.str1.4
                0x00084cbc       0x30 c:/program files (x86)/atmel7/studio/7.0/toolchain/arm/arm-gnu-toolchain/bin/../lib/gcc/arm-none-eabi/4.9.3/../../../../arm-none-eabi/lib/armv7-m\libc.a(lib_a-vfiprintf.o)
                                 0x2f (size before relaxing)
 .rodata.blanks.6868
                0x00084cec       0x10 c:/program files (x86)/atmel7/studio/7.0/toolchain/arm/arm-gnu-toolchain/bin/../lib/gcc/arm-none-eabi/4.9.3/../../../../arm-none-eabi/lib/armv7-m\libc.a(lib_a-vfiprintf.o)
 *(.ARM.extab* .gnu.linkonce.armextab.*)
                0x00084cfc                . = ALIGN (0x4)
 *(.init)
 .init          0x00084cfc        0x4 c:/program files (x86)/atmel7/studio/7.0/toolchain/arm/arm-gnu-toolchain/bin/../lib/gcc/arm-none-eabi/4.9.3/armv7-m/crti.o
                0x00084cfc                _init
 .init          0x00084d00        0x8 c:/program files (x86)/atmel7/studio/7.0/toolchain/arm/arm-gnu-toolchain/bin/../lib/gcc/arm-none-eabi/4.9.3/armv7-m/crtn.o
                0x00084d08                . = ALIGN (0x4)
                0x00084d08                __preinit_array_start = .
 *(.preinit_array)
                0x00084d08                __preinit_array_end = .
                0x00084d08                . = ALIGN (0x4)
                0x00084d08                __init_array_start = .
 *(SORT(.init_array.*))
 .init_array.00000
                0x00084d08        0x4 c:/program files (x86)/atmel7/studio/7.0/toolchain/arm/arm-gnu-toolchain/bin/../lib/gcc/arm-none-eabi/4.9.3/../../../../arm-none-eabi/lib/armv7-m\libc.a(lib_a-__call_atexit.o)
 *(.init_array)
 .init_array    0x00084d0c        0x4 c:/program files (x86)/atmel7/studio/7.0/toolchain/arm/arm-gnu-toolchain/bin/../lib/gcc/arm-none-eabi/4.9.3/armv7-m/crtbegin.o
                0x00084d10                __init_array_end = .
                0x00084d10                . = ALIGN (0x4)
 *crtbegin.o(.ctors)
 *(EXCLUDE_FILE(*crtend.o) .ctors)
 *(SORT(.ctors.*))
 *crtend.o(.ctors)
                0x00084d10                . = ALIGN (0x4)
 *(.fini)
 .fini          0x00084d10        0x4 c:/program files (x86)/atmel7/studio/7.0/toolchain/arm/arm-gnu-toolchain/bin/../lib/gcc/arm-none-eabi/4.9.3/armv7-m/crti.o
                0x00084d10                _fini
 .fini          0x00084d14        0x8 c:/program files (x86)/atmel7/studio/7.0/toolchain/arm/arm-gnu-toolchain/bin/../lib/gcc/arm-none-eabi/4.9.3/armv7-m/crtn.o
                0x00084d1c                . = ALIGN (0x4)
                0x00084d1c                __fini_array_start = .
 *(.fini_array)
 .fini_array    0x00084d1c        0x4 c:/program files (x86)/atmel7/studio/7.0/toolchain/arm/arm-gnu-toolchain/bin/../lib/gcc/arm-none-eabi/4.9.3/armv7-m/crtbegin.o
 *(SORT(.fini_array.*))
                0x00084d20                __fini_array_end = .
 *crtbegin.o(.dtors)
 *(EXCLUDE_FILE(*crtend.o) .dtors)
 *(SORT(.dtors.*))
 *crtend.o(.dtors)
                0x00084d20                . = ALIGN (0x4)
                0x00084d20                _efixed = .
                0x00084d20                PROVIDE (__exidx_start, .)

.vfp11_veneer   0x00084d20        0x0
 .vfp11_veneer  0x00000000        0x0 linker stubs

.v4_bx          0x00084d20        0x0
 .v4_bx         0x00000000        0x0 linker stubs

.iplt           0x00084d20        0x0
 .iplt          0x00000000        0x0 c:/program files (x86)/atmel7/studio/7.0/toolchain/arm/arm-gnu-toolchain/bin/../lib/gcc/arm-none-eabi/4.9.3/armv7-m/crtbegin.o

.ARM.exidx      0x00084d20        0x8
 *(.ARM.exidx* .gnu.linkonce.armexidx.*)
 .ARM.exidx     0x00084d20        0x8 c:/program files (x86)/atmel7/studio/7.0/toolchain/arm/arm-gnu-toolchain/bin/../lib/gcc/arm-none-eabi/4.9.3/armv7-m\libgcc.a(_divdi3.o)
 .ARM.exidx     0x00084d28        0x0 c:/program files (x86)/atmel7/studio/7.0/toolchain/arm/arm-gnu-toolchain/bin/../lib/gcc/arm-none-eabi/4.9.3/armv7-m\libgcc.a(_udivdi3.o)
                                  0x8 (size before relaxing)
                0x00084d28                PROVIDE (__exidx_end, .)

.eh_frame       0x00084d28        0x0
 .eh_frame      0x00084d28        0x0 c:/program files (x86)/atmel7/studio/7.0/toolchain/arm/arm-gnu-toolchain/bin/../lib/gcc/arm-none-eabi/4.9.3/armv7-m/crtbegin.o

.rel.dyn        0x00084d28        0x0
 .rel.iplt      0x00000000        0x0 c:/program files (x86)/atmel7/studio/7.0/toolchain/arm/arm-gnu-toolchain/bin/../lib/gcc/arm-none-eabi/4.9.3/armv7-m/crtbegin.o

.jcr            0x00084d28        0x0
 .jcr           0x00084d28        0x0 c:/program files (x86)/atmel7/studio/7.0/toolchain/arm/arm-gnu-toolchain/bin/../lib/gcc/arm-none-eabi/4.9.3/armv7-m/crtbegin.o

.igot.plt       0x00084d28        0x0
 .igot.plt      0x00000000        0x0 c:/program files (x86)/atmel7/studio/7.0/toolchain/arm/arm-gnu-toolchain/bin/../lib/gcc/arm-none-eabi/4.9.3/armv7-m/crtbegin.o
                0x00084d28                . = ALIGN (0x4)
                0x00084d28                _etext = .

.relocate       0x20070000      0x994 load address 0x00084d28
                0x20070000                . = ALIGN (0x4)
                0x20070000                _srelocate = .
 *(.ramfunc .ramfunc.*)
 .ramfunc       0x20070000      0x12c src/ASF/sam/utils/cmsis/sam3x/source/templates/system_sam3x.o
                0x20070000                SystemInit
                0x200700a4                system_init_flash
 *(.data .data.*)
 .data.SystemCoreClock
                0x2007012c        0x4 src/ASF/sam/utils/cmsis/sam3x/source/templates/system_sam3x.o
                0x2007012c                SystemCoreClock
 .data.impure_data
                0x20070130      0x428 c:/program files (x86)/atmel7/studio/7.0/toolchain/arm/arm-gnu-toolchain/bin/../lib/gcc/arm-none-eabi/4.9.3/../../../../arm-none-eabi/lib/armv7-m\libc.a(lib_a-impure.o)
 .data._impure_ptr
                0x20070558        0x4 c:/program files (x86)/atmel7/studio/7.0/toolchain/arm/arm-gnu-toolchain/bin/../lib/gcc/arm-none-eabi/4.9.3/../../../../arm-none-eabi/lib/armv7-m\libc.a(lib_a-impure.o)
                0x20070558                _impure_ptr
 .data.lc_ctype_charset
                0x2007055c       0x20 c:/program files (x86)/atmel7/studio/7.0/toolchain/arm/arm-gnu-toolchain/bin/../lib/gcc/arm-none-eabi/4.9.3/../../../../arm-none-eabi/lib/armv7-m\libc.a(lib_a-locale.o)
 .data.__mb_cur_max
                0x2007057c        0x4 c:/program files (x86)/atmel7/studio/7.0/toolchain/arm/arm-gnu-toolchain/bin/../lib/gcc/arm-none-eabi/4.9.3/../../../../arm-none-eabi/lib/armv7-m\libc.a(lib_a-locale.o)
                0x2007057c                __mb_cur_max
 .data.__malloc_av_
                0x20070580      0x408 c:/program files (x86)/atmel7/studio/7.0/toolchain/arm/arm-gnu-toolchain/bin/../lib/gcc/arm-none-eabi/4.9.3/../../../../arm-none-eabi/lib/armv7-m\libc.a(lib_a-mallocr.o)
                0x20070580                __malloc_av_
 .data.__malloc_trim_threshold
                0x20070988        0x4 c:/program files (x86)/atmel7/studio/7.0/toolchain/arm/arm-gnu-toolchain/bin/../lib/gcc/arm-none-eabi/4.9.3/../../../../arm-none-eabi/lib/armv7-m\libc.a(lib_a-mallocr.o)
                0x20070988                __malloc_trim_threshold
 .data.__malloc_sbrk_base
                0x2007098c        0x4 c:/program files (x86)/atmel7/studio/7.0/toolchain/arm/arm-gnu-toolchain/bin/../lib/gcc/arm-none-eabi/4.9.3/../../../../arm-none-eabi/lib/armv7-m\libc.a(lib_a-mallocr.o)
                0x2007098c                __malloc_sbrk_base
 .data.__wctomb
                0x20070990        0x4 c:/program files (x86)/atmel7/studio/7.0/toolchain/arm/arm-gnu-toolchain/bin/../lib/gcc/arm-none-eabi/4.9.3/../../../../arm-none-eabi/lib/armv7-m\libc.a(lib_a-wctomb_r.o)
                0x20070990                __wctomb
                0x20070994                . = ALIGN (0x4)
                0x20070994                _erelocate = .

.bss            0x20070998     0x3f54 load address 0x000856c0
                0x20070998                . = ALIGN (0x4)
                0x20070998                _sbss = .
                0x20070998                _szero = .
 *(.bss .bss.*)
 .bss           0x20070998       0x1c c:/program files (x86)/atmel7/studio/7.0/toolchain/arm/arm-gnu-toolchain/bin/../lib/gcc/arm-none-eabi/4.9.3/armv7-m/crtbegin.o
 *fill*         0x200709b4        0x4 
 .bss.gs_tx_desc
                0x200709b8       0x40 src/ASF/sam/drivers/emac/emac.o
 .bss.gs_uc_tx_buffer
                0x200709f8     0x2f70 src/ASF/sam/drivers/emac/emac.o
 .bss.gs_tx_callback
                0x20073968       0x20 src/ASF/sam/drivers/emac/emac.o
 .bss.gs_uc_rx_buffer
                0x20073988      0x800 src/ASF/sam/drivers/emac/emac.o
 .bss.gs_rx_desc
                0x20074188       0x80 src/ASF/sam/drivers/emac/emac.o
 .bss.gs_interrupt_sources
                0x20074208       0x70 src/ASF/sam/drivers/pio/pio_handler.o
 .bss.heap.5212
                0x20074278        0x4 src/ASF/sam/utils/syscalls/gcc/syscalls.o
 .bss.gs_emac_dev
                0x2007427c       0x2c src/emac_example.o
 .bss.gs_uc_eth_buffer
                0x200742a8      0x600 src/emac_example.o
 .bss.__malloc_max_total_mem
                0x200748a8        0x4 c:/program files (x86)/atmel7/studio/7.0/toolchain/arm/arm-gnu-toolchain/bin/../lib/gcc/arm-none-eabi/4.9.3/../../../../arm-none-eabi/lib/armv7-m\libc.a(lib_a-mallocr.o)
                0x200748a8                __malloc_max_total_mem
 .bss.__malloc_max_sbrked_mem
                0x200748ac        0x4 c:/program files (x86)/atmel7/studio/7.0/toolchain/arm/arm-gnu-toolchain/bin/../lib/gcc/arm-none-eabi/4.9.3/../../../../arm-none-eabi/lib/armv7-m\libc.a(lib_a-mallocr.o)
                0x200748ac                __malloc_max_sbrked_mem
 .bss.__malloc_top_pad
                0x200748b0        0x4 c:/program files (x86)/atmel7/studio/7.0/toolchain/arm/arm-gnu-toolchain/bin/../lib/gcc/arm-none-eabi/4.9.3/../../../../arm-none-eabi/lib/armv7-m\libc.a(lib_a-mallocr.o)
                0x200748b0                __malloc_top_pad
 .bss.__malloc_current_mallinfo
                0x200748b4       0x28 c:/program files (x86)/atmel7/studio/7.0/toolchain/arm/arm-gnu-toolchain/bin/../lib/gcc/arm-none-eabi/4.9.3/../../../../arm-none-eabi/lib/armv7-m\libc.a(lib_a-mallocr.o)
                0x200748b4                __malloc_current_mallinfo
 *(COMMON)
 COMMON         0x200748dc        0x4 src/ASF/common/utils/stdio/read.o
                0x200748dc                ptr_get
 COMMON         0x200748e0        0x8 src/ASF/common/utils/stdio/write.o
                0x200748e0                ptr_put
                0x200748e4                stdio_base
 COMMON         0x200748e8        0x4 c:/program files (x86)/atmel7/studio/7.0/toolchain/arm/arm-gnu-toolchain/bin/../lib/gcc/arm-none-eabi/4.9.3/../../../../arm-none-eabi/lib/armv7-m\libc.a(lib_a-reent.o)
                0x200748e8                errno
                0x200748ec                . = ALIGN (0x4)
                0x200748ec                _ebss = .
                0x200748ec                _ezero = .

.stack          0x200748ec     0x2004 load address 0x00089614
                0x200748f0                . = ALIGN (0x8)
 *fill*         0x200748ec        0x4 
                0x200748f0                _sstack = .
                0x200768f0                . = (. + __stack_size__)
 *fill*         0x200748f0     0x2000 
                0x200768f0                . = ALIGN (0x8)
                0x200768f0                _estack = .
                0x200768f0                . = ALIGN (0x4)
                0x200768f0                _end = .
OUTPUT(EMAC_EMAC_EXAMPLE_TAIJI_DUE.elf elf32-littlearm)

.ARM.attributes
                0x00000000       0x29
 .ARM.attributes
                0x00000000       0x1d c:/program files (x86)/atmel7/studio/7.0/toolchain/arm/arm-gnu-toolchain/bin/../lib/gcc/arm-none-eabi/4.9.3/armv7-m/crti.o
 .ARM.attributes
                0x0000001d       0x2d c:/program files (x86)/atmel7/studio/7.0/toolchain/arm/arm-gnu-toolchain/bin/../lib/gcc/arm-none-eabi/4.9.3/armv7-m/crtbegin.o
 .ARM.attributes
                0x0000004a       0x33 src/ASF/common/services/clock/sam3x/sysclk.o
 .ARM.attributes
                0x0000007d       0x33 src/ASF/common/utils/stdio/read.o
 .ARM.attributes
                0x000000b0       0x33 src/ASF/common/utils/stdio/write.o
 .ARM.attributes
                0x000000e3       0x33 src/ASF/sam/boards/sam3x_ek/init.o
 .ARM.attributes
                0x00000116       0x33 src/ASF/sam/components/ethernet_phy/dm9161a/ethernet_phy.o
 .ARM.attributes
                0x00000149       0x33 src/ASF/sam/drivers/emac/emac.o
 .ARM.attributes
                0x0000017c       0x33 src/ASF/sam/drivers/pio/pio.o
 .ARM.attributes
                0x000001af       0x33 src/ASF/sam/drivers/pio/pio_handler.o
 .ARM.attributes
                0x000001e2       0x33 src/ASF/sam/drivers/pmc/pmc.o
 .ARM.attributes
                0x00000215       0x33 src/ASF/sam/drivers/rstc/rstc.o
 .ARM.attributes
                0x00000248       0x33 src/ASF/sam/drivers/uart/uart.o
 .ARM.attributes
                0x0000027b       0x33 src/ASF/sam/drivers/usart/usart.o
 .ARM.attributes
                0x000002ae       0x33 src/ASF/sam/utils/cmsis/sam3x/source/templates/exceptions.o
 .ARM.attributes
                0x000002e1       0x33 src/ASF/sam/utils/cmsis/sam3x/source/templates/gcc/startup_sam3x.o
 .ARM.attributes
                0x00000314       0x33 src/ASF/sam/utils/cmsis/sam3x/source/templates/system_sam3x.o
 .ARM.attributes
                0x00000347       0x33 src/ASF/sam/utils/syscalls/gcc/syscalls.o
 .ARM.attributes
                0x0000037a       0x33 src/emac_example.o
 .ARM.attributes
                0x000003ad       0x2d c:/program files (x86)/atmel7/studio/7.0/toolchain/arm/arm-gnu-toolchain/bin/../lib/gcc/arm-none-eabi/4.9.3/../../../../arm-none-eabi/lib/armv7-m\libc.a(lib_a-impure.o)
 .ARM.attributes
                0x000003da       0x2d c:/program files (x86)/atmel7/studio/7.0/toolchain/arm/arm-gnu-toolchain/bin/../lib/gcc/arm-none-eabi/4.9.3/../../../../arm-none-eabi/lib/armv7-m\libc.a(lib_a-init.o)
 .ARM.attributes
                0x00000407       0x2d c:/program files (x86)/atmel7/studio/7.0/toolchain/arm/arm-gnu-toolchain/bin/../lib/gcc/arm-none-eabi/4.9.3/../../../../arm-none-eabi/lib/armv7-m\libc.a(lib_a-iprintf.o)
 .ARM.attributes
                0x00000434       0x1b c:/program files (x86)/atmel7/studio/7.0/toolchain/arm/arm-gnu-toolchain/bin/../lib/gcc/arm-none-eabi/4.9.3/../../../../arm-none-eabi/lib/armv7-m\libc.a(lib_a-memcpy.o)
 .ARM.attributes
                0x0000044f       0x2d c:/program files (x86)/atmel7/studio/7.0/toolchain/arm/arm-gnu-toolchain/bin/../lib/gcc/arm-none-eabi/4.9.3/../../../../arm-none-eabi/lib/armv7-m\libc.a(lib_a-memset.o)
 .ARM.attributes
                0x0000047c       0x2d c:/program files (x86)/atmel7/studio/7.0/toolchain/arm/arm-gnu-toolchain/bin/../lib/gcc/arm-none-eabi/4.9.3/../../../../arm-none-eabi/lib/armv7-m\libc.a(lib_a-puts.o)
 .ARM.attributes
                0x000004a9       0x2d c:/program files (x86)/atmel7/studio/7.0/toolchain/arm/arm-gnu-toolchain/bin/../lib/gcc/arm-none-eabi/4.9.3/../../../../arm-none-eabi/lib/armv7-m\libc.a(lib_a-setbuf.o)
 .ARM.attributes
                0x000004d6       0x2d c:/program files (x86)/atmel7/studio/7.0/toolchain/arm/arm-gnu-toolchain/bin/../lib/gcc/arm-none-eabi/4.9.3/../../../../arm-none-eabi/lib/armv7-m\libc.a(lib_a-setvbuf.o)
 .ARM.attributes
                0x00000503       0x2d c:/program files (x86)/atmel7/studio/7.0/toolchain/arm/arm-gnu-toolchain/bin/../lib/gcc/arm-none-eabi/4.9.3/../../../../arm-none-eabi/lib/armv7-m\libc.a(lib_a-strlen.o)
 .ARM.attributes
                0x00000530       0x2d c:/program files (x86)/atmel7/studio/7.0/toolchain/arm/arm-gnu-toolchain/bin/../lib/gcc/arm-none-eabi/4.9.3/../../../../arm-none-eabi/lib/armv7-m\libc.a(lib_a-vfiprintf.o)
 .ARM.attributes
                0x0000055d       0x2d c:/program files (x86)/atmel7/studio/7.0/toolchain/arm/arm-gnu-toolchain/bin/../lib/gcc/arm-none-eabi/4.9.3/../../../../arm-none-eabi/lib/armv7-m\libc.a(lib_a-wsetup.o)
 .ARM.attributes
                0x0000058a       0x2d c:/program files (x86)/atmel7/studio/7.0/toolchain/arm/arm-gnu-toolchain/bin/../lib/gcc/arm-none-eabi/4.9.3/../../../../arm-none-eabi/lib/armv7-m\libc.a(lib_a-__call_atexit.o)
 .ARM.attributes
                0x000005b7       0x2d c:/program files (x86)/atmel7/studio/7.0/toolchain/arm/arm-gnu-toolchain/bin/../lib/gcc/arm-none-eabi/4.9.3/../../../../arm-none-eabi/lib/armv7-m\libc.a(lib_a-atexit.o)
 .ARM.attributes
                0x000005e4       0x2d c:/program files (x86)/atmel7/studio/7.0/toolchain/arm/arm-gnu-toolchain/bin/../lib/gcc/arm-none-eabi/4.9.3/../../../../arm-none-eabi/lib/armv7-m\libc.a(lib_a-fflush.o)
 .ARM.attributes
                0x00000611       0x2d c:/program files (x86)/atmel7/studio/7.0/toolchain/arm/arm-gnu-toolchain/bin/../lib/gcc/arm-none-eabi/4.9.3/../../../../arm-none-eabi/lib/armv7-m\libc.a(lib_a-findfp.o)
 .ARM.attributes
                0x0000063e       0x2d c:/program files (x86)/atmel7/studio/7.0/toolchain/arm/arm-gnu-toolchain/bin/../lib/gcc/arm-none-eabi/4.9.3/../../../../arm-none-eabi/lib/armv7-m\libc.a(lib_a-fini.o)
 .ARM.attributes
                0x0000066b       0x2d c:/program files (x86)/atmel7/studio/7.0/toolchain/arm/arm-gnu-toolchain/bin/../lib/gcc/arm-none-eabi/4.9.3/../../../../arm-none-eabi/lib/armv7-m\libc.a(lib_a-fputwc.o)
 .ARM.attributes
                0x00000698       0x2d c:/program files (x86)/atmel7/studio/7.0/toolchain/arm/arm-gnu-toolchain/bin/../lib/gcc/arm-none-eabi/4.9.3/../../../../arm-none-eabi/lib/armv7-m\libc.a(lib_a-freer.o)
 .ARM.attributes
                0x000006c5       0x2d c:/program files (x86)/atmel7/studio/7.0/toolchain/arm/arm-gnu-toolchain/bin/../lib/gcc/arm-none-eabi/4.9.3/../../../../arm-none-eabi/lib/armv7-m\libc.a(lib_a-fvwrite.o)
 .ARM.attributes
                0x000006f2       0x2d c:/program files (x86)/atmel7/studio/7.0/toolchain/arm/arm-gnu-toolchain/bin/../lib/gcc/arm-none-eabi/4.9.3/../../../../arm-none-eabi/lib/armv7-m\libc.a(lib_a-fwalk.o)
 .ARM.attributes
                0x0000071f       0x2d c:/program files (x86)/atmel7/studio/7.0/toolchain/arm/arm-gnu-toolchain/bin/../lib/gcc/arm-none-eabi/4.9.3/../../../../arm-none-eabi/lib/armv7-m\libc.a(lib_a-locale.o)
 .ARM.attributes
                0x0000074c       0x2d c:/program files (x86)/atmel7/studio/7.0/toolchain/arm/arm-gnu-toolchain/bin/../lib/gcc/arm-none-eabi/4.9.3/../../../../arm-none-eabi/lib/armv7-m\libc.a(lib_a-makebuf.o)
 .ARM.attributes
                0x00000779       0x2d c:/program files (x86)/atmel7/studio/7.0/toolchain/arm/arm-gnu-toolchain/bin/../lib/gcc/arm-none-eabi/4.9.3/../../../../arm-none-eabi/lib/armv7-m\libc.a(lib_a-malloc.o)
 .ARM.attributes
                0x000007a6       0x2d c:/program files (x86)/atmel7/studio/7.0/toolchain/arm/arm-gnu-toolchain/bin/../lib/gcc/arm-none-eabi/4.9.3/../../../../arm-none-eabi/lib/armv7-m\libc.a(lib_a-mallocr.o)
 .ARM.attributes
                0x000007d3       0x2d c:/program files (x86)/atmel7/studio/7.0/toolchain/arm/arm-gnu-toolchain/bin/../lib/gcc/arm-none-eabi/4.9.3/../../../../arm-none-eabi/lib/armv7-m\libc.a(lib_a-memchr.o)
 .ARM.attributes
                0x00000800       0x2d c:/program files (x86)/atmel7/studio/7.0/toolchain/arm/arm-gnu-toolchain/bin/../lib/gcc/arm-none-eabi/4.9.3/../../../../arm-none-eabi/lib/armv7-m\libc.a(lib_a-memmove.o)
 .ARM.attributes
                0x0000082d       0x2d c:/program files (x86)/atmel7/studio/7.0/toolchain/arm/arm-gnu-toolchain/bin/../lib/gcc/arm-none-eabi/4.9.3/../../../../arm-none-eabi/lib/armv7-m\libc.a(lib_a-mlock.o)
 .ARM.attributes
                0x0000085a       0x2d c:/program files (x86)/atmel7/studio/7.0/toolchain/arm/arm-gnu-toolchain/bin/../lib/gcc/arm-none-eabi/4.9.3/../../../../arm-none-eabi/lib/armv7-m\libc.a(lib_a-reallocr.o)
 .ARM.attributes
                0x00000887       0x2d c:/program files (x86)/atmel7/studio/7.0/toolchain/arm/arm-gnu-toolchain/bin/../lib/gcc/arm-none-eabi/4.9.3/../../../../arm-none-eabi/lib/armv7-m\libc.a(lib_a-sbrkr.o)
 .ARM.attributes
                0x000008b4       0x2d c:/program files (x86)/atmel7/studio/7.0/toolchain/arm/arm-gnu-toolchain/bin/../lib/gcc/arm-none-eabi/4.9.3/../../../../arm-none-eabi/lib/armv7-m\libc.a(lib_a-stdio.o)
 .ARM.attributes
                0x000008e1       0x2d c:/program files (x86)/atmel7/studio/7.0/toolchain/arm/arm-gnu-toolchain/bin/../lib/gcc/arm-none-eabi/4.9.3/../../../../arm-none-eabi/lib/armv7-m\libc.a(lib_a-wbuf.o)
 .ARM.attributes
                0x0000090e       0x2d c:/program files (x86)/atmel7/studio/7.0/toolchain/arm/arm-gnu-toolchain/bin/../lib/gcc/arm-none-eabi/4.9.3/../../../../arm-none-eabi/lib/armv7-m\libc.a(lib_a-wcrtomb.o)
 .ARM.attributes
                0x0000093b       0x2d c:/program files (x86)/atmel7/studio/7.0/toolchain/arm/arm-gnu-toolchain/bin/../lib/gcc/arm-none-eabi/4.9.3/../../../../arm-none-eabi/lib/armv7-m\libc.a(lib_a-wctomb_r.o)
 .ARM.attributes
                0x00000968       0x2d c:/program files (x86)/atmel7/studio/7.0/toolchain/arm/arm-gnu-toolchain/bin/../lib/gcc/arm-none-eabi/4.9.3/../../../../arm-none-eabi/lib/armv7-m\libc.a(lib_a-writer.o)
 .ARM.attributes
                0x00000995       0x2d c:/program files (x86)/atmel7/studio/7.0/toolchain/arm/arm-gnu-toolchain/bin/../lib/gcc/arm-none-eabi/4.9.3/../../../../arm-none-eabi/lib/armv7-m\libc.a(lib_a-__atexit.o)
 .ARM.attributes
                0x000009c2       0x2d c:/program files (x86)/atmel7/studio/7.0/toolchain/arm/arm-gnu-toolchain/bin/../lib/gcc/arm-none-eabi/4.9.3/../../../../arm-none-eabi/lib/armv7-m\libc.a(lib_a-closer.o)
 .ARM.attributes
                0x000009ef       0x2d c:/program files (x86)/atmel7/studio/7.0/toolchain/arm/arm-gnu-toolchain/bin/../lib/gcc/arm-none-eabi/4.9.3/../../../../arm-none-eabi/lib/armv7-m\libc.a(lib_a-fclose.o)
 .ARM.attributes
                0x00000a1c       0x2d c:/program files (x86)/atmel7/studio/7.0/toolchain/arm/arm-gnu-toolchain/bin/../lib/gcc/arm-none-eabi/4.9.3/../../../../arm-none-eabi/lib/armv7-m\libc.a(lib_a-fstatr.o)
 .ARM.attributes
                0x00000a49       0x2d c:/program files (x86)/atmel7/studio/7.0/toolchain/arm/arm-gnu-toolchain/bin/../lib/gcc/arm-none-eabi/4.9.3/../../../../arm-none-eabi/lib/armv7-m\libc.a(lib_a-isattyr.o)
 .ARM.attributes
                0x00000a76       0x2d c:/program files (x86)/atmel7/studio/7.0/toolchain/arm/arm-gnu-toolchain/bin/../lib/gcc/arm-none-eabi/4.9.3/../../../../arm-none-eabi/lib/armv7-m\libc.a(lib_a-lseekr.o)
 .ARM.attributes
                0x00000aa3       0x2d c:/program files (x86)/atmel7/studio/7.0/toolchain/arm/arm-gnu-toolchain/bin/../lib/gcc/arm-none-eabi/4.9.3/../../../../arm-none-eabi/lib/armv7-m\libc.a(lib_a-readr.o)
 .ARM.attributes
                0x00000ad0       0x2d c:/program files (x86)/atmel7/studio/7.0/toolchain/arm/arm-gnu-toolchain/bin/../lib/gcc/arm-none-eabi/4.9.3/../../../../arm-none-eabi/lib/armv7-m\libc.a(lib_a-reent.o)
 .ARM.attributes
                0x00000afd       0x1d c:/program files (x86)/atmel7/studio/7.0/toolchain/arm/arm-gnu-toolchain/bin/../lib/gcc/arm-none-eabi/4.9.3/armv7-m\libgcc.a(_aeabi_uldivmod.o)
 .ARM.attributes
                0x00000b1a       0x2d c:/program files (x86)/atmel7/studio/7.0/toolchain/arm/arm-gnu-toolchain/bin/../lib/gcc/arm-none-eabi/4.9.3/armv7-m\libgcc.a(bpabi.o)
 .ARM.attributes
                0x00000b47       0x1d c:/program files (x86)/atmel7/studio/7.0/toolchain/arm/arm-gnu-toolchain/bin/../lib/gcc/arm-none-eabi/4.9.3/armv7-m\libgcc.a(_dvmd_tls.o)
 .ARM.attributes
                0x00000b64       0x2d c:/program files (x86)/atmel7/studio/7.0/toolchain/arm/arm-gnu-toolchain/bin/../lib/gcc/arm-none-eabi/4.9.3/armv7-m\libgcc.a(_divdi3.o)
 .ARM.attributes
                0x00000b91       0x2d c:/program files (x86)/atmel7/studio/7.0/toolchain/arm/arm-gnu-toolchain/bin/../lib/gcc/arm-none-eabi/4.9.3/armv7-m\libgcc.a(_udivdi3.o)
 .ARM.attributes
                0x00000bbe       0x1d c:/program files (x86)/atmel7/studio/7.0/toolchain/arm/arm-gnu-toolchain/bin/../lib/gcc/arm-none-eabi/4.9.3/armv7-m/crtn.o

.comment        0x00000000       0x5b
 .comment       0x00000000       0x5b src/ASF/common/services/clock/sam3x/sysclk.o
                                 0x5c (size before relaxing)
 .comment       0x00000000       0x5c src/ASF/common/utils/stdio/read.o
 .comment       0x00000000       0x5c src/ASF/common/utils/stdio/write.o
 .comment       0x00000000       0x5c src/ASF/sam/boards/sam3x_ek/init.o
 .comment       0x00000000       0x5c src/ASF/sam/components/ethernet_phy/dm9161a/ethernet_phy.o
 .comment       0x00000000       0x5c src/ASF/sam/drivers/emac/emac.o
 .comment       0x00000000       0x5c src/ASF/sam/drivers/pio/pio.o
 .comment       0x00000000       0x5c src/ASF/sam/drivers/pio/pio_handler.o
 .comment       0x00000000       0x5c src/ASF/sam/drivers/pmc/pmc.o
 .comment       0x00000000       0x5c src/ASF/sam/drivers/rstc/rstc.o
 .comment       0x00000000       0x5c src/ASF/sam/drivers/uart/uart.o
 .comment       0x00000000       0x5c src/ASF/sam/drivers/usart/usart.o
 .comment       0x00000000       0x5c src/ASF/sam/utils/cmsis/sam3x/source/templates/exceptions.o
 .comment       0x00000000       0x5c src/ASF/sam/utils/cmsis/sam3x/source/templates/gcc/startup_sam3x.o
 .comment       0x00000000       0x5c src/ASF/sam/utils/cmsis/sam3x/source/templates/system_sam3x.o
 .comment       0x00000000       0x5c src/ASF/sam/utils/syscalls/gcc/syscalls.o
 .comment       0x00000000       0x5c src/emac_example.o

.debug_info     0x00000000     0xcb7e
 .debug_info    0x00000000      0x742 src/ASF/common/services/clock/sam3x/sysclk.o
 .debug_info    0x00000742      0x1be src/ASF/common/utils/stdio/read.o
 .debug_info    0x00000900      0x1c0 src/ASF/common/utils/stdio/write.o
 .debug_info    0x00000ac0      0x82c src/ASF/sam/boards/sam3x_ek/init.o
 .debug_info    0x000012ec      0xec4 src/ASF/sam/components/ethernet_phy/dm9161a/ethernet_phy.o
 .debug_info    0x000021b0     0x1a28 src/ASF/sam/drivers/emac/emac.o
 .debug_info    0x00003bd8     0x1391 src/ASF/sam/drivers/pio/pio.o
 .debug_info    0x00004f69      0xe51 src/ASF/sam/drivers/pio/pio_handler.o
 .debug_info    0x00005dba     0x1078 src/ASF/sam/drivers/pmc/pmc.o
 .debug_info    0x00006e32      0x348 src/ASF/sam/drivers/rstc/rstc.o
 .debug_info    0x0000717a      0x889 src/ASF/sam/drivers/uart/uart.o
 .debug_info    0x00007a03     0x1bfa src/ASF/sam/drivers/usart/usart.o
 .debug_info    0x000095fd      0x124 src/ASF/sam/utils/cmsis/sam3x/source/templates/exceptions.o
 .debug_info    0x00009721      0x3bd src/ASF/sam/utils/cmsis/sam3x/source/templates/gcc/startup_sam3x.o
 .debug_info    0x00009ade      0x4c6 src/ASF/sam/utils/cmsis/sam3x/source/templates/system_sam3x.o
 .debug_info    0x00009fa4      0x43f src/ASF/sam/utils/syscalls/gcc/syscalls.o
 .debug_info    0x0000a3e3     0x279b src/emac_example.o

.debug_abbrev   0x00000000     0x2157
 .debug_abbrev  0x00000000      0x227 src/ASF/common/services/clock/sam3x/sysclk.o
 .debug_abbrev  0x00000227      0x101 src/ASF/common/utils/stdio/read.o
 .debug_abbrev  0x00000328       0xf5 src/ASF/common/utils/stdio/write.o
 .debug_abbrev  0x0000041d      0x16f src/ASF/sam/boards/sam3x_ek/init.o
 .debug_abbrev  0x0000058c      0x27d src/ASF/sam/components/ethernet_phy/dm9161a/ethernet_phy.o
 .debug_abbrev  0x00000809      0x38a src/ASF/sam/drivers/emac/emac.o
 .debug_abbrev  0x00000b93      0x2d5 src/ASF/sam/drivers/pio/pio.o
 .debug_abbrev  0x00000e68      0x257 src/ASF/sam/drivers/pio/pio_handler.o
 .debug_abbrev  0x000010bf      0x268 src/ASF/sam/drivers/pmc/pmc.o
 .debug_abbrev  0x00001327      0x103 src/ASF/sam/drivers/rstc/rstc.o
 .debug_abbrev  0x0000142a      0x1bd src/ASF/sam/drivers/uart/uart.o
 .debug_abbrev  0x000015e7      0x325 src/ASF/sam/drivers/usart/usart.o
 .debug_abbrev  0x0000190c       0x8c src/ASF/sam/utils/cmsis/sam3x/source/templates/exceptions.o
 .debug_abbrev  0x00001998      0x118 src/ASF/sam/utils/cmsis/sam3x/source/templates/gcc/startup_sam3x.o
 .debug_abbrev  0x00001ab0      0x115 src/ASF/sam/utils/cmsis/sam3x/source/templates/system_sam3x.o
 .debug_abbrev  0x00001bc5      0x14e src/ASF/sam/utils/syscalls/gcc/syscalls.o
 .debug_abbrev  0x00001d13      0x444 src/emac_example.o

.debug_loc      0x00000000     0x5d12
 .debug_loc     0x00000000       0xed src/ASF/common/services/clock/sam3x/sysclk.o
 .debug_loc     0x000000ed      0x107 src/ASF/common/utils/stdio/read.o
 .debug_loc     0x000001f4      0x15d src/ASF/common/utils/stdio/write.o
 .debug_loc     0x00000351       0x20 src/ASF/sam/boards/sam3x_ek/init.o
 .debug_loc     0x00000371      0xb87 src/ASF/sam/components/ethernet_phy/dm9161a/ethernet_phy.o
 .debug_loc     0x00000ef8     0x1009 src/ASF/sam/drivers/emac/emac.o
 .debug_loc     0x00001f01      0xb20 src/ASF/sam/drivers/pio/pio.o
 .debug_loc     0x00002a21      0x573 src/ASF/sam/drivers/pio/pio_handler.o
 .debug_loc     0x00002f94      0xccc src/ASF/sam/drivers/pmc/pmc.o
 .debug_loc     0x00003c60      0x101 src/ASF/sam/drivers/rstc/rstc.o
 .debug_loc     0x00003d61      0x242 src/ASF/sam/drivers/uart/uart.o
 .debug_loc     0x00003fa3     0x1206 src/ASF/sam/drivers/usart/usart.o
 .debug_loc     0x000051a9       0x5e src/ASF/sam/utils/cmsis/sam3x/source/templates/gcc/startup_sam3x.o
 .debug_loc     0x00005207      0x12b src/ASF/sam/utils/syscalls/gcc/syscalls.o
 .debug_loc     0x00005332      0x9e0 src/emac_example.o

.debug_aranges  0x00000000      0x9e0
 .debug_aranges
                0x00000000       0x30 src/ASF/common/services/clock/sam3x/sysclk.o
 .debug_aranges
                0x00000030       0x20 src/ASF/common/utils/stdio/read.o
 .debug_aranges
                0x00000050       0x20 src/ASF/common/utils/stdio/write.o
 .debug_aranges
                0x00000070       0x20 src/ASF/sam/boards/sam3x_ek/init.o
 .debug_aranges
                0x00000090       0x38 src/ASF/sam/components/ethernet_phy/dm9161a/ethernet_phy.o
 .debug_aranges
                0x000000c8       0x80 src/ASF/sam/drivers/emac/emac.o
 .debug_aranges
                0x00000148      0x148 src/ASF/sam/drivers/pio/pio.o
 .debug_aranges
                0x00000290       0x58 src/ASF/sam/drivers/pio/pio_handler.o
 .debug_aranges
                0x000002e8      0x200 src/ASF/sam/drivers/pmc/pmc.o
 .debug_aranges
                0x000004e8       0x60 src/ASF/sam/drivers/rstc/rstc.o
 .debug_aranges
                0x00000548       0xe8 src/ASF/sam/drivers/uart/uart.o
 .debug_aranges
                0x00000630      0x2a8 src/ASF/sam/drivers/usart/usart.o
 .debug_aranges
                0x000008d8       0x20 src/ASF/sam/utils/cmsis/sam3x/source/templates/exceptions.o
 .debug_aranges
                0x000008f8       0x20 src/ASF/sam/utils/cmsis/sam3x/source/templates/gcc/startup_sam3x.o
 .debug_aranges
                0x00000918       0x30 src/ASF/sam/utils/cmsis/sam3x/source/templates/system_sam3x.o
 .debug_aranges
                0x00000948       0x60 src/ASF/sam/utils/syscalls/gcc/syscalls.o
 .debug_aranges
                0x000009a8       0x38 src/emac_example.o

.debug_ranges   0x00000000      0x978
 .debug_ranges  0x00000000       0x20 src/ASF/common/services/clock/sam3x/sysclk.o
 .debug_ranges  0x00000020       0x10 src/ASF/common/utils/stdio/read.o
 .debug_ranges  0x00000030       0x10 src/ASF/common/utils/stdio/write.o
 .debug_ranges  0x00000040       0x10 src/ASF/sam/boards/sam3x_ek/init.o
 .debug_ranges  0x00000050       0xd0 src/ASF/sam/components/ethernet_phy/dm9161a/ethernet_phy.o
 .debug_ranges  0x00000120       0x70 src/ASF/sam/drivers/emac/emac.o
 .debug_ranges  0x00000190      0x138 src/ASF/sam/drivers/pio/pio.o
 .debug_ranges  0x000002c8       0x48 src/ASF/sam/drivers/pio/pio_handler.o
 .debug_ranges  0x00000310      0x1f0 src/ASF/sam/drivers/pmc/pmc.o
 .debug_ranges  0x00000500       0x50 src/ASF/sam/drivers/rstc/rstc.o
 .debug_ranges  0x00000550       0xd8 src/ASF/sam/drivers/uart/uart.o
 .debug_ranges  0x00000628      0x298 src/ASF/sam/drivers/usart/usart.o
 .debug_ranges  0x000008c0       0x10 src/ASF/sam/utils/cmsis/sam3x/source/templates/exceptions.o
 .debug_ranges  0x000008d0       0x10 src/ASF/sam/utils/cmsis/sam3x/source/templates/gcc/startup_sam3x.o
 .debug_ranges  0x000008e0       0x20 src/ASF/sam/utils/cmsis/sam3x/source/templates/system_sam3x.o
 .debug_ranges  0x00000900       0x50 src/ASF/sam/utils/syscalls/gcc/syscalls.o
 .debug_ranges  0x00000950       0x28 src/emac_example.o

.debug_macro    0x00000000    0x17dab
 .debug_macro   0x00000000      0x554 src/ASF/common/services/clock/sam3x/sysclk.o
 .debug_macro   0x00000554      0x892 src/ASF/common/services/clock/sam3x/sysclk.o
 .debug_macro   0x00000de6      0x644 src/ASF/common/services/clock/sam3x/sysclk.o
 .debug_macro   0x0000142a       0x28 src/ASF/common/services/clock/sam3x/sysclk.o
 .debug_macro   0x00001452      0x166 src/ASF/common/services/clock/sam3x/sysclk.o
 .debug_macro   0x000015b8       0x76 src/ASF/common/services/clock/sam3x/sysclk.o
 .debug_macro   0x0000162e       0x16 src/ASF/common/services/clock/sam3x/sysclk.o
 .debug_macro   0x00001644      0x6e4 src/ASF/common/services/clock/sam3x/sysclk.o
 .debug_macro   0x00001d28       0x22 src/ASF/common/services/clock/sam3x/sysclk.o
 .debug_macro   0x00001d4a       0x44 src/ASF/common/services/clock/sam3x/sysclk.o
 .debug_macro   0x00001d8e       0x58 src/ASF/common/services/clock/sam3x/sysclk.o
 .debug_macro   0x00001de6       0x22 src/ASF/common/services/clock/sam3x/sysclk.o
 .debug_macro   0x00001e08      0x1df src/ASF/common/services/clock/sam3x/sysclk.o
 .debug_macro   0x00001fe7       0x20 src/ASF/common/services/clock/sam3x/sysclk.o
 .debug_macro   0x00002007       0x3a src/ASF/common/services/clock/sam3x/sysclk.o
 .debug_macro   0x00002041       0x2d src/ASF/common/services/clock/sam3x/sysclk.o
 .debug_macro   0x0000206e      0xbb1 src/ASF/common/services/clock/sam3x/sysclk.o
 .debug_macro   0x00002c1f      0xab6 src/ASF/common/services/clock/sam3x/sysclk.o
 .debug_macro   0x000036d5      0x569 src/ASF/common/services/clock/sam3x/sysclk.o
 .debug_macro   0x00003c3e      0x2b5 src/ASF/common/services/clock/sam3x/sysclk.o
 .debug_macro   0x00003ef3      0x31a src/ASF/common/services/clock/sam3x/sysclk.o
 .debug_macro   0x0000420d      0x74f src/ASF/common/services/clock/sam3x/sysclk.o
 .debug_macro   0x0000495c       0x82 src/ASF/common/services/clock/sam3x/sysclk.o
 .debug_macro   0x000049de      0x57b src/ASF/common/services/clock/sam3x/sysclk.o
 .debug_macro   0x00004f59       0x1c src/ASF/common/services/clock/sam3x/sysclk.o
 .debug_macro   0x00004f75      0x6b7 src/ASF/common/services/clock/sam3x/sysclk.o
 .debug_macro   0x0000562c      0x52d src/ASF/common/services/clock/sam3x/sysclk.o
 .debug_macro   0x00005b59       0xbe src/ASF/common/services/clock/sam3x/sysclk.o
 .debug_macro   0x00005c17     0x2342 src/ASF/common/services/clock/sam3x/sysclk.o
 .debug_macro   0x00007f59      0x85d src/ASF/common/services/clock/sam3x/sysclk.o
 .debug_macro   0x000087b6      0xdc9 src/ASF/common/services/clock/sam3x/sysclk.o
 .debug_macro   0x0000957f       0x7c src/ASF/common/services/clock/sam3x/sysclk.o
 .debug_macro   0x000095fb      0x263 src/ASF/common/services/clock/sam3x/sysclk.o
 .debug_macro   0x0000985e       0x58 src/ASF/common/services/clock/sam3x/sysclk.o
 .debug_macro   0x000098b6      0x9a7 src/ASF/common/services/clock/sam3x/sysclk.o
 .debug_macro   0x0000a25d      0x248 src/ASF/common/services/clock/sam3x/sysclk.o
 .debug_macro   0x0000a4a5      0x4df src/ASF/common/services/clock/sam3x/sysclk.o
 .debug_macro   0x0000a984      0x6b3 src/ASF/common/services/clock/sam3x/sysclk.o
 .debug_macro   0x0000b037      0x59f src/ASF/common/services/clock/sam3x/sysclk.o
 .debug_macro   0x0000b5d6       0x46 src/ASF/common/services/clock/sam3x/sysclk.o
 .debug_macro   0x0000b61c      0x34d src/ASF/common/services/clock/sam3x/sysclk.o
 .debug_macro   0x0000b969      0x28c src/ASF/common/services/clock/sam3x/sysclk.o
 .debug_macro   0x0000bbf5     0x14d7 src/ASF/common/services/clock/sam3x/sysclk.o
 .debug_macro   0x0000d0cc      0x7ba src/ASF/common/services/clock/sam3x/sysclk.o
 .debug_macro   0x0000d886       0x76 src/ASF/common/services/clock/sam3x/sysclk.o
 .debug_macro   0x0000d8fc       0x82 src/ASF/common/services/clock/sam3x/sysclk.o
 .debug_macro   0x0000d97e       0x76 src/ASF/common/services/clock/sam3x/sysclk.o
 .debug_macro   0x0000d9f4       0x4c src/ASF/common/services/clock/sam3x/sysclk.o
 .debug_macro   0x0000da40      0x105 src/ASF/common/services/clock/sam3x/sysclk.o
 .debug_macro   0x0000db45      0x105 src/ASF/common/services/clock/sam3x/sysclk.o
 .debug_macro   0x0000dc4a      0x105 src/ASF/common/services/clock/sam3x/sysclk.o
 .debug_macro   0x0000dd4f       0x88 src/ASF/common/services/clock/sam3x/sysclk.o
 .debug_macro   0x0000ddd7       0x88 src/ASF/common/services/clock/sam3x/sysclk.o
 .debug_macro   0x0000de5f      0x3b4 src/ASF/common/services/clock/sam3x/sysclk.o
 .debug_macro   0x0000e213       0xb8 src/ASF/common/services/clock/sam3x/sysclk.o
 .debug_macro   0x0000e2cb       0xb8 src/ASF/common/services/clock/sam3x/sysclk.o
 .debug_macro   0x0000e383       0xb8 src/ASF/common/services/clock/sam3x/sysclk.o
 .debug_macro   0x0000e43b       0xb8 src/ASF/common/services/clock/sam3x/sysclk.o
 .debug_macro   0x0000e4f3      0x2b8 src/ASF/common/services/clock/sam3x/sysclk.o
 .debug_macro   0x0000e7ab      0x125 src/ASF/common/services/clock/sam3x/sysclk.o
 .debug_macro   0x0000e8d0      0x225 src/ASF/common/services/clock/sam3x/sysclk.o
 .debug_macro   0x0000eaf5      0x225 src/ASF/common/services/clock/sam3x/sysclk.o
 .debug_macro   0x0000ed1a       0x2e src/ASF/common/services/clock/sam3x/sysclk.o
 .debug_macro   0x0000ed48       0xac src/ASF/common/services/clock/sam3x/sysclk.o
 .debug_macro   0x0000edf4      0x14d src/ASF/common/services/clock/sam3x/sysclk.o
 .debug_macro   0x0000ef41       0x7c src/ASF/common/services/clock/sam3x/sysclk.o
 .debug_macro   0x0000efbd      0x205 src/ASF/common/services/clock/sam3x/sysclk.o
 .debug_macro   0x0000f1c2       0x64 src/ASF/common/services/clock/sam3x/sysclk.o
 .debug_macro   0x0000f226       0xa6 src/ASF/common/services/clock/sam3x/sysclk.o
 .debug_macro   0x0000f2cc       0x7c src/ASF/common/services/clock/sam3x/sysclk.o
 .debug_macro   0x0000f348       0x16 src/ASF/common/services/clock/sam3x/sysclk.o
 .debug_macro   0x0000f35e       0x22 src/ASF/common/services/clock/sam3x/sysclk.o
 .debug_macro   0x0000f380       0x22 src/ASF/common/services/clock/sam3x/sysclk.o
 .debug_macro   0x0000f3a2      0x115 src/ASF/common/services/clock/sam3x/sysclk.o
 .debug_macro   0x0000f4b7      0x115 src/ASF/common/services/clock/sam3x/sysclk.o
 .debug_macro   0x0000f5cc      0x115 src/ASF/common/services/clock/sam3x/sysclk.o
 .debug_macro   0x0000f6e1      0x115 src/ASF/common/services/clock/sam3x/sysclk.o
 .debug_macro   0x0000f7f6       0x1c src/ASF/common/services/clock/sam3x/sysclk.o
 .debug_macro   0x0000f812       0x2e src/ASF/common/services/clock/sam3x/sysclk.o
 .debug_macro   0x0000f840       0x22 src/ASF/common/services/clock/sam3x/sysclk.o
 .debug_macro   0x0000f862       0x1c src/ASF/common/services/clock/sam3x/sysclk.o
 .debug_macro   0x0000f87e       0x58 src/ASF/common/services/clock/sam3x/sysclk.o
 .debug_macro   0x0000f8d6       0x10 src/ASF/common/services/clock/sam3x/sysclk.o
 .debug_macro   0x0000f8e6      0x273 src/ASF/common/services/clock/sam3x/sysclk.o
 .debug_macro   0x0000fb59      0xd43 src/ASF/common/services/clock/sam3x/sysclk.o
 .debug_macro   0x0001089c      0x131 src/ASF/common/services/clock/sam3x/sysclk.o
 .debug_macro   0x000109cd       0x58 src/ASF/common/services/clock/sam3x/sysclk.o
 .debug_macro   0x00010a25       0x35 src/ASF/common/services/clock/sam3x/sysclk.o
 .debug_macro   0x00010a5a       0x9c src/ASF/common/services/clock/sam3x/sysclk.o
 .debug_macro   0x00010af6       0x16 src/ASF/common/services/clock/sam3x/sysclk.o
 .debug_macro   0x00010b0c       0x35 src/ASF/common/services/clock/sam3x/sysclk.o
 .debug_macro   0x00010b41      0x29d src/ASF/common/services/clock/sam3x/sysclk.o
 .debug_macro   0x00010dde       0x10 src/ASF/common/services/clock/sam3x/sysclk.o
 .debug_macro   0x00010dee       0x52 src/ASF/common/services/clock/sam3x/sysclk.o
 .debug_macro   0x00010e40       0x16 src/ASF/common/services/clock/sam3x/sysclk.o
 .debug_macro   0x00010e56       0x43 src/ASF/common/services/clock/sam3x/sysclk.o
 .debug_macro   0x00010e99      0x180 src/ASF/common/services/clock/sam3x/sysclk.o
 .debug_macro   0x00011019       0x10 src/ASF/common/services/clock/sam3x/sysclk.o
 .debug_macro   0x00011029       0x22 src/ASF/common/services/clock/sam3x/sysclk.o
 .debug_macro   0x0001104b       0xbe src/ASF/common/services/clock/sam3x/sysclk.o
 .debug_macro   0x00011109       0x16 src/ASF/common/services/clock/sam3x/sysclk.o
 .debug_macro   0x0001111f      0x197 src/ASF/common/services/clock/sam3x/sysclk.o
 .debug_macro   0x000112b6       0x22 src/ASF/common/services/clock/sam3x/sysclk.o
 .debug_macro   0x000112d8       0x16 src/ASF/common/services/clock/sam3x/sysclk.o
 .debug_macro   0x000112ee       0x16 src/ASF/common/services/clock/sam3x/sysclk.o
 .debug_macro   0x00011304       0x29 src/ASF/common/services/clock/sam3x/sysclk.o
 .debug_macro   0x0001132d       0x75 src/ASF/common/services/clock/sam3x/sysclk.o
 .debug_macro   0x000113a2       0x45 src/ASF/common/services/clock/sam3x/sysclk.o
 .debug_macro   0x000113e7      0x3ca src/ASF/common/services/clock/sam3x/sysclk.o
 .debug_macro   0x000117b1      0x2a4 src/ASF/common/services/clock/sam3x/sysclk.o
 .debug_macro   0x00011a55      0x7f9 src/ASF/common/services/clock/sam3x/sysclk.o
 .debug_macro   0x0001224e       0x5e src/ASF/common/services/clock/sam3x/sysclk.o
 .debug_macro   0x000122ac       0x64 src/ASF/common/services/clock/sam3x/sysclk.o
 .debug_macro   0x00012310       0x5f src/ASF/common/services/clock/sam3x/sysclk.o
 .debug_macro   0x0001236f       0x90 src/ASF/common/services/clock/sam3x/sysclk.o
 .debug_macro   0x000123ff      0x4d4 src/ASF/common/utils/stdio/read.o
 .debug_macro   0x000128d3      0x4d4 src/ASF/common/utils/stdio/write.o
 .debug_macro   0x00012da7      0x593 src/ASF/sam/boards/sam3x_ek/init.o
 .debug_macro   0x0001333a       0x1c src/ASF/sam/boards/sam3x_ek/init.o
 .debug_macro   0x00013356       0x94 src/ASF/sam/boards/sam3x_ek/init.o
 .debug_macro   0x000133ea       0x40 src/ASF/sam/boards/sam3x_ek/init.o
 .debug_macro   0x0001342a       0x6a src/ASF/sam/boards/sam3x_ek/init.o
 .debug_macro   0x00013494      0x534 src/ASF/sam/components/ethernet_phy/dm9161a/ethernet_phy.o
 .debug_macro   0x000139c8       0x8e src/ASF/sam/components/ethernet_phy/dm9161a/ethernet_phy.o
 .debug_macro   0x00013a56       0xfa src/ASF/sam/components/ethernet_phy/dm9161a/ethernet_phy.o
 .debug_macro   0x00013b50      0x252 src/ASF/sam/components/ethernet_phy/dm9161a/ethernet_phy.o
 .debug_macro   0x00013da2      0x51b src/ASF/sam/drivers/emac/emac.o
 .debug_macro   0x000142bd       0x16 src/ASF/sam/drivers/emac/emac.o
 .debug_macro   0x000142d3      0x4ef src/ASF/sam/drivers/pio/pio.o
 .debug_macro   0x000147c2       0x8e src/ASF/sam/drivers/pio/pio.o
 .debug_macro   0x00014850      0x4f3 src/ASF/sam/drivers/pio/pio_handler.o
 .debug_macro   0x00014d43      0x4e9 src/ASF/sam/drivers/pmc/pmc.o
 .debug_macro   0x0001522c       0x58 src/ASF/sam/drivers/pmc/pmc.o
 .debug_macro   0x00015284      0x4ea src/ASF/sam/drivers/rstc/rstc.o
 .debug_macro   0x0001576e       0x35 src/ASF/sam/drivers/rstc/rstc.o
 .debug_macro   0x000157a3      0x4e3 src/ASF/sam/drivers/uart/uart.o
 .debug_macro   0x00015c86       0x16 src/ASF/sam/drivers/uart/uart.o
 .debug_macro   0x00015c9c      0x51f src/ASF/sam/drivers/usart/usart.o
 .debug_macro   0x000161bb       0x28 src/ASF/sam/drivers/usart/usart.o
 .debug_macro   0x000161e3      0x4e8 src/ASF/sam/utils/cmsis/sam3x/source/templates/exceptions.o
 .debug_macro   0x000166cb      0x4f6 src/ASF/sam/utils/cmsis/sam3x/source/templates/gcc/startup_sam3x.o
 .debug_macro   0x00016bc1      0x4f6 src/ASF/sam/utils/cmsis/sam3x/source/templates/system_sam3x.o
 .debug_macro   0x000170b7       0x26 src/ASF/sam/utils/cmsis/sam3x/source/templates/system_sam3x.o
 .debug_macro   0x000170dd      0x169 src/ASF/sam/utils/syscalls/gcc/syscalls.o
 .debug_macro   0x00017246       0x4a src/ASF/sam/utils/syscalls/gcc/syscalls.o
 .debug_macro   0x00017290       0x97 src/ASF/sam/utils/syscalls/gcc/syscalls.o
 .debug_macro   0x00017327       0xef src/ASF/sam/utils/syscalls/gcc/syscalls.o
 .debug_macro   0x00017416       0x52 src/ASF/sam/utils/syscalls/gcc/syscalls.o
 .debug_macro   0x00017468       0x16 src/ASF/sam/utils/syscalls/gcc/syscalls.o
 .debug_macro   0x0001747e       0x10 src/ASF/sam/utils/syscalls/gcc/syscalls.o
 .debug_macro   0x0001748e       0x10 src/ASF/sam/utils/syscalls/gcc/syscalls.o
 .debug_macro   0x0001749e       0x10 src/ASF/sam/utils/syscalls/gcc/syscalls.o
 .debug_macro   0x000174ae       0x35 src/ASF/sam/utils/syscalls/gcc/syscalls.o
 .debug_macro   0x000174e3      0x122 src/ASF/sam/utils/syscalls/gcc/syscalls.o
 .debug_macro   0x00017605      0x659 src/emac_example.o
 .debug_macro   0x00017c5e       0x3b src/emac_example.o
 .debug_macro   0x00017c99       0x10 src/emac_example.o
 .debug_macro   0x00017ca9      0x102 src/emac_example.o

.debug_line     0x00000000     0xd199
 .debug_line    0x00000000      0xc05 src/ASF/common/services/clock/sam3x/sysclk.o
 .debug_line    0x00000c05      0xace src/ASF/common/utils/stdio/read.o
 .debug_line    0x000016d3      0xac4 src/ASF/common/utils/stdio/write.o
 .debug_line    0x00002197      0xcca src/ASF/sam/boards/sam3x_ek/init.o
 .debug_line    0x00002e61      0xd8d src/ASF/sam/components/ethernet_phy/dm9161a/ethernet_phy.o
 .debug_line    0x00003bee      0xdff src/ASF/sam/drivers/emac/emac.o
 .debug_line    0x000049ed      0xe2f src/ASF/sam/drivers/pio/pio.o
 .debug_line    0x0000581c      0xb75 src/ASF/sam/drivers/pio/pio_handler.o
 .debug_line    0x00006391     0x1062 src/ASF/sam/drivers/pmc/pmc.o
 .debug_line    0x000073f3      0xb4c src/ASF/sam/drivers/rstc/rstc.o
 .debug_line    0x00007f3f      0xc7c src/ASF/sam/drivers/uart/uart.o
 .debug_line    0x00008bbb     0x1197 src/ASF/sam/drivers/usart/usart.o
 .debug_line    0x00009d52      0xaa7 src/ASF/sam/utils/cmsis/sam3x/source/templates/exceptions.o
 .debug_line    0x0000a7f9      0xaf1 src/ASF/sam/utils/cmsis/sam3x/source/templates/gcc/startup_sam3x.o
 .debug_line    0x0000b2ea      0xb0c src/ASF/sam/utils/cmsis/sam3x/source/templates/system_sam3x.o
 .debug_line    0x0000bdf6      0x39d src/ASF/sam/utils/syscalls/gcc/syscalls.o
 .debug_line    0x0000c193     0x1006 src/emac_example.o

.debug_str      0x00000000    0x65341
 .debug_str     0x00000000    0x5f405 src/ASF/common/services/clock/sam3x/sysclk.o
                              0x5f74a (size before relaxing)
 .debug_str     0x0005f405       0x3f src/ASF/common/utils/stdio/read.o
                              0x5b6ad (size before relaxing)
 .debug_str     0x0005f444       0x2e src/ASF/common/utils/stdio/write.o
                              0x5b6af (size before relaxing)
 .debug_str     0x0005f472      0xa69 src/ASF/sam/boards/sam3x_ek/init.o
                              0x5ff29 (size before relaxing)
 .debug_str     0x0005fedb     0x12b1 src/ASF/sam/components/ethernet_phy/dm9161a/ethernet_phy.o
                              0x5fdb7 (size before relaxing)
 .debug_str     0x0006118c      0x941 src/ASF/sam/drivers/emac/emac.o
                              0x5c940 (size before relaxing)
 .debug_str     0x00061acd      0x432 src/ASF/sam/drivers/pio/pio.o
                              0x5c052 (size before relaxing)
 .debug_str     0x00061eff      0x466 src/ASF/sam/drivers/pio/pio_handler.o
                              0x5c09a (size before relaxing)
 .debug_str     0x00062365      0x67c src/ASF/sam/drivers/pmc/pmc.o
                              0x5c0c8 (size before relaxing)
 .debug_str     0x000629e1      0x266 src/ASF/sam/drivers/rstc/rstc.o
                              0x5b8e0 (size before relaxing)
 .debug_str     0x00062c47      0x3b4 src/ASF/sam/drivers/uart/uart.o
                              0x5ba73 (size before relaxing)
 .debug_str     0x00062ffb      0xb95 src/ASF/sam/drivers/usart/usart.o
                              0x5c324 (size before relaxing)
 .debug_str     0x00063b90       0x4d src/ASF/sam/utils/cmsis/sam3x/source/templates/exceptions.o
                              0x5b6c7 (size before relaxing)
 .debug_str     0x00063bdd       0xb2 src/ASF/sam/utils/cmsis/sam3x/source/templates/gcc/startup_sam3x.o
                              0x5b79c (size before relaxing)
 .debug_str     0x00063c8f      0x1c6 src/ASF/sam/utils/cmsis/sam3x/source/templates/system_sam3x.o
                              0x5b9af (size before relaxing)
 .debug_str     0x00063e55      0x84a src/ASF/sam/utils/syscalls/gcc/syscalls.o
                               0x6110 (size before relaxing)
 .debug_str     0x0006469f      0xca2 src/emac_example.o
                              0x61dcb (size before relaxing)

.debug_frame    0x00000000     0x2264
 .debug_frame   0x00000000       0x58 src/ASF/common/services/clock/sam3x/sysclk.o
 .debug_frame   0x00000058       0x38 src/ASF/common/utils/stdio/read.o
 .debug_frame   0x00000090       0x48 src/ASF/common/utils/stdio/write.o
 .debug_frame   0x000000d8       0x28 src/ASF/sam/boards/sam3x_ek/init.o
 .debug_frame   0x00000100       0xb8 src/ASF/sam/components/ethernet_phy/dm9161a/ethernet_phy.o
 .debug_frame   0x000001b8      0x194 src/ASF/sam/drivers/emac/emac.o
 .debug_frame   0x0000034c      0x2b8 src/ASF/sam/drivers/pio/pio.o
 .debug_frame   0x00000604       0xf8 src/ASF/sam/drivers/pio/pio_handler.o
 .debug_frame   0x000006fc      0x450 src/ASF/sam/drivers/pmc/pmc.o
 .debug_frame   0x00000b4c       0xa0 src/ASF/sam/drivers/rstc/rstc.o
 .debug_frame   0x00000bec      0x1bc src/ASF/sam/drivers/uart/uart.o
 .debug_frame   0x00000da8      0x5cc src/ASF/sam/drivers/usart/usart.o
 .debug_frame   0x00001374       0x20 src/ASF/sam/utils/cmsis/sam3x/source/templates/exceptions.o
 .debug_frame   0x00001394       0x28 src/ASF/sam/utils/cmsis/sam3x/source/templates/gcc/startup_sam3x.o
 .debug_frame   0x000013bc       0x40 src/ASF/sam/utils/cmsis/sam3x/source/templates/system_sam3x.o
 .debug_frame   0x000013fc       0xa8 src/ASF/sam/utils/syscalls/gcc/syscalls.o
 .debug_frame   0x000014a4       0x98 src/emac_example.o
 .debug_frame   0x0000153c       0x2c c:/program files (x86)/atmel7/studio/7.0/toolchain/arm/arm-gnu-toolchain/bin/../lib/gcc/arm-none-eabi/4.9.3/../../../../arm-none-eabi/lib/armv7-m\libc.a(lib_a-init.o)
 .debug_frame   0x00001568       0x78 c:/program files (x86)/atmel7/studio/7.0/toolchain/arm/arm-gnu-toolchain/bin/../lib/gcc/arm-none-eabi/4.9.3/../../../../arm-none-eabi/lib/armv7-m\libc.a(lib_a-iprintf.o)
 .debug_frame   0x000015e0       0x34 c:/program files (x86)/atmel7/studio/7.0/toolchain/arm/arm-gnu-toolchain/bin/../lib/gcc/arm-none-eabi/4.9.3/../../../../arm-none-eabi/lib/armv7-m\libc.a(lib_a-memset.o)
 .debug_frame   0x00001614       0x44 c:/program files (x86)/atmel7/studio/7.0/toolchain/arm/arm-gnu-toolchain/bin/../lib/gcc/arm-none-eabi/4.9.3/../../../../arm-none-eabi/lib/armv7-m\libc.a(lib_a-puts.o)
 .debug_frame   0x00001658       0x20 c:/program files (x86)/atmel7/studio/7.0/toolchain/arm/arm-gnu-toolchain/bin/../lib/gcc/arm-none-eabi/4.9.3/../../../../arm-none-eabi/lib/armv7-m\libc.a(lib_a-setbuf.o)
 .debug_frame   0x00001678       0x30 c:/program files (x86)/atmel7/studio/7.0/toolchain/arm/arm-gnu-toolchain/bin/../lib/gcc/arm-none-eabi/4.9.3/../../../../arm-none-eabi/lib/armv7-m\libc.a(lib_a-setvbuf.o)
 .debug_frame   0x000016a8       0x20 c:/program files (x86)/atmel7/studio/7.0/toolchain/arm/arm-gnu-toolchain/bin/../lib/gcc/arm-none-eabi/4.9.3/../../../../arm-none-eabi/lib/armv7-m\libc.a(lib_a-strlen.o)
 .debug_frame   0x000016c8       0xd8 c:/program files (x86)/atmel7/studio/7.0/toolchain/arm/arm-gnu-toolchain/bin/../lib/gcc/arm-none-eabi/4.9.3/../../../../arm-none-eabi/lib/armv7-m\libc.a(lib_a-vfiprintf.o)
 .debug_frame   0x000017a0       0x2c c:/program files (x86)/atmel7/studio/7.0/toolchain/arm/arm-gnu-toolchain/bin/../lib/gcc/arm-none-eabi/4.9.3/../../../../arm-none-eabi/lib/armv7-m\libc.a(lib_a-wsetup.o)
 .debug_frame   0x000017cc       0x50 c:/program files (x86)/atmel7/studio/7.0/toolchain/arm/arm-gnu-toolchain/bin/../lib/gcc/arm-none-eabi/4.9.3/../../../../arm-none-eabi/lib/armv7-m\libc.a(lib_a-__call_atexit.o)
 .debug_frame   0x0000181c       0x20 c:/program files (x86)/atmel7/studio/7.0/toolchain/arm/arm-gnu-toolchain/bin/../lib/gcc/arm-none-eabi/4.9.3/../../../../arm-none-eabi/lib/armv7-m\libc.a(lib_a-atexit.o)
 .debug_frame   0x0000183c       0x6c c:/program files (x86)/atmel7/studio/7.0/toolchain/arm/arm-gnu-toolchain/bin/../lib/gcc/arm-none-eabi/4.9.3/../../../../arm-none-eabi/lib/armv7-m\libc.a(lib_a-fflush.o)
 .debug_frame   0x000018a8      0x124 c:/program files (x86)/atmel7/studio/7.0/toolchain/arm/arm-gnu-toolchain/bin/../lib/gcc/arm-none-eabi/4.9.3/../../../../arm-none-eabi/lib/armv7-m\libc.a(lib_a-findfp.o)
 .debug_frame   0x000019cc       0x34 c:/program files (x86)/atmel7/studio/7.0/toolchain/arm/arm-gnu-toolchain/bin/../lib/gcc/arm-none-eabi/4.9.3/../../../../arm-none-eabi/lib/armv7-m\libc.a(lib_a-fini.o)
 .debug_frame   0x00001a00       0x84 c:/program files (x86)/atmel7/studio/7.0/toolchain/arm/arm-gnu-toolchain/bin/../lib/gcc/arm-none-eabi/4.9.3/../../../../arm-none-eabi/lib/armv7-m\libc.a(lib_a-fputwc.o)
 .debug_frame   0x00001a84       0x74 c:/program files (x86)/atmel7/studio/7.0/toolchain/arm/arm-gnu-toolchain/bin/../lib/gcc/arm-none-eabi/4.9.3/../../../../arm-none-eabi/lib/armv7-m\libc.a(lib_a-freer.o)
 .debug_frame   0x00001af8       0x68 c:/program files (x86)/atmel7/studio/7.0/toolchain/arm/arm-gnu-toolchain/bin/../lib/gcc/arm-none-eabi/4.9.3/../../../../arm-none-eabi/lib/armv7-m\libc.a(lib_a-fvwrite.o)
 .debug_frame   0x00001b60       0x54 c:/program files (x86)/atmel7/studio/7.0/toolchain/arm/arm-gnu-toolchain/bin/../lib/gcc/arm-none-eabi/4.9.3/../../../../arm-none-eabi/lib/armv7-m\libc.a(lib_a-fwalk.o)
 .debug_frame   0x00001bb4       0x9c c:/program files (x86)/atmel7/studio/7.0/toolchain/arm/arm-gnu-toolchain/bin/../lib/gcc/arm-none-eabi/4.9.3/../../../../arm-none-eabi/lib/armv7-m\libc.a(lib_a-locale.o)
 .debug_frame   0x00001c50       0x48 c:/program files (x86)/atmel7/studio/7.0/toolchain/arm/arm-gnu-toolchain/bin/../lib/gcc/arm-none-eabi/4.9.3/../../../../arm-none-eabi/lib/armv7-m\libc.a(lib_a-makebuf.o)
 .debug_frame   0x00001c98       0x30 c:/program files (x86)/atmel7/studio/7.0/toolchain/arm/arm-gnu-toolchain/bin/../lib/gcc/arm-none-eabi/4.9.3/../../../../arm-none-eabi/lib/armv7-m\libc.a(lib_a-malloc.o)
 .debug_frame   0x00001cc8       0x54 c:/program files (x86)/atmel7/studio/7.0/toolchain/arm/arm-gnu-toolchain/bin/../lib/gcc/arm-none-eabi/4.9.3/../../../../arm-none-eabi/lib/armv7-m\libc.a(lib_a-mallocr.o)
 .debug_frame   0x00001d1c       0x3c c:/program files (x86)/atmel7/studio/7.0/toolchain/arm/arm-gnu-toolchain/bin/../lib/gcc/arm-none-eabi/4.9.3/../../../../arm-none-eabi/lib/armv7-m\libc.a(lib_a-memchr.o)
 .debug_frame   0x00001d58       0x30 c:/program files (x86)/atmel7/studio/7.0/toolchain/arm/arm-gnu-toolchain/bin/../lib/gcc/arm-none-eabi/4.9.3/../../../../arm-none-eabi/lib/armv7-m\libc.a(lib_a-memmove.o)
 .debug_frame   0x00001d88       0x30 c:/program files (x86)/atmel7/studio/7.0/toolchain/arm/arm-gnu-toolchain/bin/../lib/gcc/arm-none-eabi/4.9.3/../../../../arm-none-eabi/lib/armv7-m\libc.a(lib_a-mlock.o)
 .debug_frame   0x00001db8       0x58 c:/program files (x86)/atmel7/studio/7.0/toolchain/arm/arm-gnu-toolchain/bin/../lib/gcc/arm-none-eabi/4.9.3/../../../../arm-none-eabi/lib/armv7-m\libc.a(lib_a-reallocr.o)
 .debug_frame   0x00001e10       0x2c c:/program files (x86)/atmel7/studio/7.0/toolchain/arm/arm-gnu-toolchain/bin/../lib/gcc/arm-none-eabi/4.9.3/../../../../arm-none-eabi/lib/armv7-m\libc.a(lib_a-sbrkr.o)
 .debug_frame   0x00001e3c       0x88 c:/program files (x86)/atmel7/studio/7.0/toolchain/arm/arm-gnu-toolchain/bin/../lib/gcc/arm-none-eabi/4.9.3/../../../../arm-none-eabi/lib/armv7-m\libc.a(lib_a-stdio.o)
 .debug_frame   0x00001ec4       0x3c c:/program files (x86)/atmel7/studio/7.0/toolchain/arm/arm-gnu-toolchain/bin/../lib/gcc/arm-none-eabi/4.9.3/../../../../arm-none-eabi/lib/armv7-m\libc.a(lib_a-wbuf.o)
 .debug_frame   0x00001f00       0x60 c:/program files (x86)/atmel7/studio/7.0/toolchain/arm/arm-gnu-toolchain/bin/../lib/gcc/arm-none-eabi/4.9.3/../../../../arm-none-eabi/lib/armv7-m\libc.a(lib_a-wcrtomb.o)
 .debug_frame   0x00001f60       0x48 c:/program files (x86)/atmel7/studio/7.0/toolchain/arm/arm-gnu-toolchain/bin/../lib/gcc/arm-none-eabi/4.9.3/../../../../arm-none-eabi/lib/armv7-m\libc.a(lib_a-wctomb_r.o)
 .debug_frame   0x00001fa8       0x2c c:/program files (x86)/atmel7/studio/7.0/toolchain/arm/arm-gnu-toolchain/bin/../lib/gcc/arm-none-eabi/4.9.3/../../../../arm-none-eabi/lib/armv7-m\libc.a(lib_a-writer.o)
 .debug_frame   0x00001fd4       0x34 c:/program files (x86)/atmel7/studio/7.0/toolchain/arm/arm-gnu-toolchain/bin/../lib/gcc/arm-none-eabi/4.9.3/../../../../arm-none-eabi/lib/armv7-m\libc.a(lib_a-__atexit.o)
 .debug_frame   0x00002008       0x2c c:/program files (x86)/atmel7/studio/7.0/toolchain/arm/arm-gnu-toolchain/bin/../lib/gcc/arm-none-eabi/4.9.3/../../../../arm-none-eabi/lib/armv7-m\libc.a(lib_a-closer.o)
 .debug_frame   0x00002034       0x44 c:/program files (x86)/atmel7/studio/7.0/toolchain/arm/arm-gnu-toolchain/bin/../lib/gcc/arm-none-eabi/4.9.3/../../../../arm-none-eabi/lib/armv7-m\libc.a(lib_a-fclose.o)
 .debug_frame   0x00002078       0x2c c:/program files (x86)/atmel7/studio/7.0/toolchain/arm/arm-gnu-toolchain/bin/../lib/gcc/arm-none-eabi/4.9.3/../../../../arm-none-eabi/lib/armv7-m\libc.a(lib_a-fstatr.o)
 .debug_frame   0x000020a4       0x2c c:/program files (x86)/atmel7/studio/7.0/toolchain/arm/arm-gnu-toolchain/bin/../lib/gcc/arm-none-eabi/4.9.3/../../../../arm-none-eabi/lib/armv7-m\libc.a(lib_a-isattyr.o)
 .debug_frame   0x000020d0       0x2c c:/program files (x86)/atmel7/studio/7.0/toolchain/arm/arm-gnu-toolchain/bin/../lib/gcc/arm-none-eabi/4.9.3/../../../../arm-none-eabi/lib/armv7-m\libc.a(lib_a-lseekr.o)
 .debug_frame   0x000020fc       0x2c c:/program files (x86)/atmel7/studio/7.0/toolchain/arm/arm-gnu-toolchain/bin/../lib/gcc/arm-none-eabi/4.9.3/../../../../arm-none-eabi/lib/armv7-m\libc.a(lib_a-readr.o)
 .debug_frame   0x00002128       0x58 c:/program files (x86)/atmel7/studio/7.0/toolchain/arm/arm-gnu-toolchain/bin/../lib/gcc/arm-none-eabi/4.9.3/../../../../arm-none-eabi/lib/armv7-m\libc.a(lib_a-reent.o)
 .debug_frame   0x00002180       0x28 c:/program files (x86)/atmel7/studio/7.0/toolchain/arm/arm-gnu-toolchain/bin/../lib/gcc/arm-none-eabi/4.9.3/armv7-m\libgcc.a(_aeabi_uldivmod.o)
 .debug_frame   0x000021a8       0x54 c:/program files (x86)/atmel7/studio/7.0/toolchain/arm/arm-gnu-toolchain/bin/../lib/gcc/arm-none-eabi/4.9.3/armv7-m\libgcc.a(bpabi.o)
 .debug_frame   0x000021fc       0x34 c:/program files (x86)/atmel7/studio/7.0/toolchain/arm/arm-gnu-toolchain/bin/../lib/gcc/arm-none-eabi/4.9.3/armv7-m\libgcc.a(_divdi3.o)
 .debug_frame   0x00002230       0x34 c:/program files (x86)/atmel7/studio/7.0/toolchain/arm/arm-gnu-toolchain/bin/../lib/gcc/arm-none-eabi/4.9.3/armv7-m\libgcc.a(_udivdi3.o)

Cross Reference Table

Symbol                                            File
ADC_Handler                                       src/ASF/sam/utils/cmsis/sam3x/source/templates/exceptions.o
                                                  src/ASF/sam/utils/cmsis/sam3x/source/templates/gcc/startup_sam3x.o
BusFault_Handler                                  src/ASF/sam/utils/cmsis/sam3x/source/templates/exceptions.o
                                                  src/ASF/sam/utils/cmsis/sam3x/source/templates/gcc/startup_sam3x.o
CAN0_Handler                                      src/ASF/sam/utils/cmsis/sam3x/source/templates/exceptions.o
                                                  src/ASF/sam/utils/cmsis/sam3x/source/templates/gcc/startup_sam3x.o
CAN1_Handler                                      src/ASF/sam/utils/cmsis/sam3x/source/templates/exceptions.o
                                                  src/ASF/sam/utils/cmsis/sam3x/source/templates/gcc/startup_sam3x.o
DACC_Handler                                      src/ASF/sam/utils/cmsis/sam3x/source/templates/exceptions.o
                                                  src/ASF/sam/utils/cmsis/sam3x/source/templates/gcc/startup_sam3x.o
DMAC_Handler                                      src/ASF/sam/utils/cmsis/sam3x/source/templates/exceptions.o
                                                  src/ASF/sam/utils/cmsis/sam3x/source/templates/gcc/startup_sam3x.o
DebugMon_Handler                                  src/ASF/sam/utils/cmsis/sam3x/source/templates/exceptions.o
                                                  src/ASF/sam/utils/cmsis/sam3x/source/templates/gcc/startup_sam3x.o
Dummy_Handler                                     src/ASF/sam/utils/cmsis/sam3x/source/templates/exceptions.o
EFC0_Handler                                      src/ASF/sam/utils/cmsis/sam3x/source/templates/exceptions.o
                                                  src/ASF/sam/utils/cmsis/sam3x/source/templates/gcc/startup_sam3x.o
EFC1_Handler                                      src/ASF/sam/utils/cmsis/sam3x/source/templates/exceptions.o
                                                  src/ASF/sam/utils/cmsis/sam3x/source/templates/gcc/startup_sam3x.o
EMAC_Handler                                      src/emac_example.o
                                                  src/ASF/sam/utils/cmsis/sam3x/source/templates/exceptions.o
                                                  src/ASF/sam/utils/cmsis/sam3x/source/templates/gcc/startup_sam3x.o
HSMCI_Handler                                     src/ASF/sam/utils/cmsis/sam3x/source/templates/exceptions.o
                                                  src/ASF/sam/utils/cmsis/sam3x/source/templates/gcc/startup_sam3x.o
HardFault_Handler                                 src/ASF/sam/utils/cmsis/sam3x/source/templates/exceptions.o
                                                  src/ASF/sam/utils/cmsis/sam3x/source/templates/gcc/startup_sam3x.o
LED_Off                                           src/ASF/sam/boards/sam3x_ek/led.o
LED_On                                            src/ASF/sam/boards/sam3x_ek/led.o
MemManage_Handler                                 src/ASF/sam/utils/cmsis/sam3x/source/templates/exceptions.o
                                                  src/ASF/sam/utils/cmsis/sam3x/source/templates/gcc/startup_sam3x.o
NMI_Handler                                       src/ASF/sam/utils/cmsis/sam3x/source/templates/exceptions.o
                                                  src/ASF/sam/utils/cmsis/sam3x/source/templates/gcc/startup_sam3x.o
PIOA_Handler                                      src/ASF/sam/drivers/pio/pio_handler.o
                                                  src/ASF/sam/utils/cmsis/sam3x/source/templates/gcc/startup_sam3x.o
PIOB_Handler                                      src/ASF/sam/drivers/pio/pio_handler.o